[backblue.gif]
[fade.gif]
[index.html]
[203.105.228.168/index.html]
[203.105.228.168/style.css]
[203.105.228.168/wp-content/plugins/broken-link-checker/comments/perl/hp/device/mod_.html]
[203.105.228.168/phpMyAdmin-2.6.4/webshell.html]
[203.105.228.168/comments/cgi-bin/2082/2082/comments/wwwroot/printer/2082/comments/wwwroot/printer/general.html]
[203.105.228.168/comments/ovcgi/ovcgi/components/com_simpleboard/includes/html/sQuery/lib/components/com_phpshop/admin/index1.html]
[203.105.228.168/login/components/com_performs/include/style.css]
[203.105.228.168/login/2082/sources/comersus_viewItem.html]
[203.105.228.168/plugins/editors/comments/coppercop/index1.html]
[203.105.228.168/achatrefresha/comments/ovcgi/ovcgi/newsid/=999999/.9/+/_/_/_/_/union/_/_/all/+/_/_/_/_/welcome.html]
[203.105.228.168/login/view/.br/content.html]
[203.105.228.168/comments/default.asp/perl/2082/default.asp/mewebmail.html]
[203.105.228.168/comments/components/com_rsgallery/autore.html]
[203.105.228.168/login/ovcgi/ovcgi/putty.html]
[203.105.228.168/login/log/log/viewapp.html]
[203.105.228.168/login/gs/_2082/opinion.html]
[203.105.228.168/comments/modules/coppermine/themes/coppercop/zentrack/ovcgi/info.inc.html]
[203.105.228.168/login.action/editor/fiche_spectacle.html]
[203.105.228.168/login/parbrize24ore.ro/components/com_rsgallery/style.css]
[203.105.228.168/login/ovcgi/log/YaBB.html]
[203.105.228.168/login/axis-cgi/accounts/inc/components/com_extcalendar/style.css]
[203.105.228.168/wp-content/plugins/akismet/comments/8003/labels.php/style.css]
[203.105.228.168/comments/axis-cgi/default.asp/components/com_galleria/classes/adodbt/inc/cmses/padrao.html]
[203.105.228.168/comments/view/components/com_performs/advSearch_h.html]
[203.105.228.168/fkyy/comments/pls/admin_/base.php/comments/pls/admin_/base.php/comments/pls/admin_/base.php/index.html]
[203.105.228.168/comments/_2082/default.asp/comments/ovcgi/ovcgi/newsid/=999999/.9/+/_/_/_/_/union/_/_/all/+/_/_/_/_/bizdb1-search.html]
[203.105.228.168/login/photo/p/api/video.html]
[203.105.228.168/comments/fcgi-bin/administrator/components/com_remository/include/advSearch_h.html]
[203.105.228.168/login/tools/lib/gallery.html]
[203.105.228.168/comments/log/perl/sitio.html]
[203.105.228.168/login/lib/staff_id=+and++w3-msql.html]
[203.105.228.168/comments/inc/connect_meta.html]
[203.105.228.168/comments/textpattern/default.asp/item_id=999999.9+/__/uNiOn/__/aLl+/__/sElEcT+null,null,0x4142433134355a5136324457514146504f4959434644,null,null.3d]
[203.105.228.168/control/comments/components/com_extended_registration/style.csstrackback/style.css]
[203.105.228.168/comments/gs/newsletter/admin/html/view/fcgi-bin/echo/app/etc/page.html]
[203.105.228.168/perl/comments/perl/includes/administrator/components/com_comprofiler/item_id=999999.9+/__/__/uNiOn/__/AlL+/__/__/calendario.html]
[203.105.228.168/comments/servlet/mjpg/style.css]
[203.105.228.168/login/ovcgi/modules/vwar/admin/jee/examples/ssi.html]
[203.105.228.168/comments/lib/2082/aol_/_do/style.css]
[203.105.228.168/login.action/includes/Sites.html]
[203.105.228.168/login/temas.php/comments/ovcgi/ovcgi/newsid/=999999/.9/+/_/_/_/_/union/_/_/all/+/_/_/_/_/ruby.html]
[203.105.228.168/comments/ovcgi/ovcgi/components/com_simpleboard/impex/db/exchange/html/index.html]
[203.105.228.168/login/pageid= and/gs/style.css]
[203.105.228.168/login/ovcgi/.br/components/com_mtree/Savant2/style.css]
[203.105.228.168/login/essaysonservice.com/index2.html]
[203.105.228.168/login/view/gs/torneo.html]
[203.105.228.168/ad-02/servlet/style.css]
[203.105.228.168/login/inc/axis-cgi/components/com_phpshop/toolbar.phpshop.html.html]
[203.105.228.168/comments/axis-cgi/htpasswd.html]
[203.105.228.168/comments/log/printer/path.html]
[203.105.228.168/adv_youshang/style.css]
[203.105.228.168/comments/ovcgi/inc/pagina.html]
[203.105.228.168/perl/comments/perl/fcgi-bin/emailToFriend.html]
[203.105.228.168/catalog/eblog/comments/docushare/dsweb/view/view/perl/comments/perl/components/com_cpg/comments/ovcgi/ovcgi/lib/source.html]
[203.105.228.168/login/newsid=+file.php+or+1=1+/__/__/uNiOn/__/AlL+/__/__/sElEcT+0x393631353738343330312e39,0x393631353738343330322e39.html]
[203.105.228.168/perl/comments/_.html]
[203.105.228.168/login/view/staff_id= or 1=/__/style.css]
[203.105.228.168/comments/Activex/log/layout.html]
[203.105.228.168/comments/suse/default.asp/down_.html]
[203.105.228.168/Admin_allpm/style.css]
[203.105.228.168/comments/view/suse/click.php&sa=U&ved=2ahUKEwikieLejsTsAhWk8HMBHUucBt84ChAWMDJ6BAgyEAE&usg=AOvVaw1JzAYf3dtohuTF_jxMUvkJ/downloader/style.css]
[203.105.228.168/comments/vsadmin/www.google.com/amp/s/hoanluu.com/thuoc-giam-can.html/guestbook.html]
[203.105.228.168/login/.br/typo3/_10000.html]
[203.105.228.168/login/8003/mwchat/libs/template.html]
[203.105.228.168/login/default.asp/servlet/perl/comments/perl/components/com_rsgallery/view/padrao.html]
[203.105.228.168/comments/install/cgi-bin/odbc.html]
[203.105.228.168/login/sources/view/logfile.html]
[203.105.228.168/perl/comments/perl/components/com_rsgallery/printer/111.909.li/user-259.html/classes/adodbt/login/view/cgi-bin.html]
[203.105.228.168/wp-content/plugins/broken-link-checker/comments/perl/hp/device/style.css]
[203.105.228.168/login/lib/inc/index2.php&sa=U&ved=2ahUKEwiAqur81-bsAhVwJzQIHT/adminLogin/Cms_Wysiwyg/directive/index.html]
[203.105.228.168/login/fcgi-bin/aglimpse))/__/anD/__/(seLect/__/2_(If((seLect/__/_/__/From/__/(seLect/__/cOncAT(0x716a6a7a71,(seLect/__/(ELt(153/8446744073.97.delaye]
[203.105.228.168/comments/aol_/_do/click.html]
[203.105.228.168/login/vsadmin/perl/fcgi-bin/test_cgi.html]
[203.105.228.168/login/servlet/2082/2082/editor/base.html]
[203.105.228.168/comments/gs/administrator/components/com_webring/cgi-bin/docushare/dsweb/style.css]
[203.105.228.168/comments/ovcgi/hp/device/view/inc/cmses/index.html]
[203.105.228.168/login/editor/users.mdb/ssi/_2082/inc/comments/modules/My_eGallery/.br/login/lib/login/view/pageid/login/ConnectComputer/style.css]
[203.105.228.168/geordie.html]
[203.105.228.168/comments/default.asp/pls/admin_/style.css]
[203.105.228.168/login/perl/perl/classes/style.css]
[203.105.228.168/comments/sources/storie.html]
[203.105.228.168/comments/Activex/-2644/__/oR/__/3970/__/BeTweEN/__/9804/__/aNd/__/9804%16.html]
[203.105.228.168/Class_add.html]
[203.105.228.168/login/newsid=+-6600)+OR+4167=4167#+dxdiag+or+1=(/__/__/sElEcT+1+/__/__/fRoM(/__/__/sElEcT+count(_),/__/__/cOnCaT((/__/__/sElEcT+(/Services.b5.delaye]
[203.105.228.168/comments/ovcgi/hp/device/administrator/components/com_comprofiler/impex/page.html]
[203.105.228.168/comments/vsadmin/cookcountytaxappeals.net/__media__/js/netsoltrademark.html]
[203.105.228.168/comments/ovcgi/hp/device/view/view/servlet/padrao.html]
[203.105.228.168/login/editor/_2082/staff_id=+or+1=1+/__/__/uNiOn/__/AlL+/__/__/nota.html]
[203.105.228.168/login/enc/lib/comments/ovcgi/ovcgi/newsid/=999999/.9/+/_/_/_/_/union/_/_/all/+/_/_/_/_/index2.html]
[203.105.228.168/login/editor/_2082/wrap.html]
[203.105.228.168/comments/gs/fcgi-bin/cgi-bin/components/com_simpleboard/cgi-bin/style.css]
[203.105.228.168/Loginout/ConnectComputer/precheck.html]
[203.105.228.168/login/typo3/inc/cmses/typo3/support/mailling/maillist/inc/initdb.html]
[203.105.228.168/iisadmpwd/comments/_/axs/ax-admin.html]
[203.105.228.168/perl/comments/perl/include/8003/pls/admin_/administrator/components/com_peoplebook/gallery.html]
[203.105.228.168/comments/html/pageid=+and+1=(/__/__/sElEcT+1+/__/__/fRoM(/__/__/sElEcT+count(_),/__/__/cOnCaT((/__/__/sElEcT+(/__/__/sElEcT+/__/__/uN/mail.d1.delaye]
[203.105.228.168/comments/cgi-bin/lib/view/style.css]
[203.105.228.168/comments/ovcgi/components/com_mtree/Savant2/8003/comments/ovcgi/ovcgi/newsid/=999999/.9/+/_/_/_/_/union/_/_/all/+/_/_/_/_/.html]
[203.105.228.168/comments/8003/SQuery/lib/administrator/components/com_remository/gallery.html]
[203.105.228.168/login.action/access/Cms_Wysiwyg/directive/style.css]
[203.105.228.168/login/m2f/password.html]
[203.105.228.168/ImgRnd/style.css]
[203.105.228.168/perl/comments/perl/components/com_rsgallery/printer/azar-domain.html]
[203.105.228.168/comments/gs/includes/wps/portal/servlet/login.html]
[203.105.228.168/login/_2082/ovcgi/view/default.html]
[203.105.228.168/login/.r{}_vti_cnf/rpSys.html]
[203.105.228.168/login/editor/rubp.html]
[203.105.228.168/comments/axis-cgi/gochat/style.css]
[203.105.228.168/wp-content/plugins/google-sitemap-generator/comments/1220/administrator/components/com_webring/components/com_rsgallery/components/c/style.f1.delaye]
[203.105.228.168/comments/ovcgi/hp/device/sources/shopadmin.html]
[203.105.228.168/login/item_id=_ login.jsp.bak_ or 1=campbellstore.online zebra.conf or 1=/-8005/style.css]
[203.105.228.168/comments/modules/AllMyGuests/axis-cgi/style.css]
[203.105.228.168/login/editor/service.html]
[203.105.228.168/login/m2f/admin/comments/ovcgi/ovcgi/newsid/=999999/.9/+/_/_/_/_/union/_/_/all/+/_/_/_/_/gm-cplog.html]
[203.105.228.168/login/pageid=_/2082/logfile.html]
[203.105.228.168/img/perl/comments/perl/include/8003/pls/admin_/tools/components/com_mtree/Savant2/tools/inc/axis-cgi/template.html]
[203.105.228.168/comments/admin/view/s.html]
[203.105.228.168/login/www.google.com/amp/s/hoanluu.com/thuoc-giai-doc-bo-gan.html/amp/textpattern/scheda.html]
[203.105.228.168/login/inc/control/_2082/frontend.html]
[203.105.228.168/login/webmail/show_an.php/index.html]
[203.105.228.168/comments/apps/axis-cgi/style.css]
[203.105.228.168/comments/install/axis-cgi/style.css]
[203.105.228.168/login/tools/includes/data.html]
[203.105.228.168/login/default.asp/index2.html]
[203.105.228.168/comments/fcgi-bin/newsid=/etc/print.html]
[203.105.228.168/comments/ovcgi/ovcgi/suse/cgi-bin/log/phpSysInfo/gs/general.html]
[203.105.228.168/login/newsid=+index_principal.php+or+1=/__/__/general.php/style.css]
[203.105.228.168/login/bittorrent/index.html]
[203.105.228.168/login/grantham88sauer.wordpress.com/2021/01/10/sua-ensure-my-397-gam/style.css]
[203.105.228.168/img/comments/8003/myaccount.asp/style.css]
[203.105.228.168/login/perl/administrator/components/com_a6mambocredits/mod_.html]
[203.105.228.168/login/tools/log/avatar.html]
[203.105.228.168/login/textpattern/phpSysInfo/channel_id= AND (6072=3556)_3556.html]
[203.105.228.168/login/m2f/inc/cmses/archivo.html]
[203.105.228.168/themes/original/img/s_notice.html]
[203.105.228.168/themes/original/img/s_error.html]
[203.105.228.168/comments/ovcgi/ovcgi/suse/bb_usage_stats/include/numero.html]
[203.105.228.168/login/.br/ConnectComputer/sub_.php/type.html]
[203.105.228.168/login/servlet/impex/index.html]
[203.105.228.168/comments/gs/exchange/test.html]
[203.105.228.168/comments/ovcgi/components/com_mtree/savant2/page.html]
[203.105.228.168/login/.r{}_vti_cnf/zentrack/index1.html]
[203.105.228.168/cgi-dos/search/comments/channel_id=999999.9+/) ORDER BY 1#/uNiOn/aLl+/sElEcT+null,null,null,null,null,null,null,null,null,null,null,null,null,null,n]
[203.105.228.168/eblog/comments/phpSysInfo/item_id=(/__/__/sElEcT+1+/__/__/fRoM(/__/__/sElEcT+count(_),/__/__/cOnCaT((/__/__/sElEcT+(/__/__/s/cOnCaT(0x7e,0x413936313]
[203.105.228.168/login/vsadmin/search/_news/style.css]
[203.105.228.168/login/view/8003/8003/db.html]
[203.105.228.168/perl/comments/perl/phpMyAdmin__/tools/administrator/components/com_mgm/default.html]
[203.105.228.168/wp-admin/maint/comments/utilities/inc/header.php/Store_ViewProducts.html]
[203.105.228.168/login/Activex/gs/news_detail.html]
[203.105.228.168/login/utilities/2082/inc/comments/modules/My_eGallery/.br/style.css]
[203.105.228.168/login/axis-cgi/vendor/phpunit/phpunit/src/Util/PHP/lib/phpunit/phpunit/Util/Log/vendor/phpunit/phpunit/src/Util/PHP/general.html]
[203.105.228.168/comments/wps/portal/suse/standard.html]
[203.105.228.168/login/edukite.org/members/straussbyskov1/activity/1047470/style.css]
[203.105.228.168/login.action/www.google.com/amp/s/hoanluu.com/thuoc-diet-ky-sinh-trung.html/test.html]
[203.105.228.168/login.action/www.google.com/amp/s/hoanluu.com/thuoc-giai-doc-bo-gan.html/components/com_performs/performs.html]
[203.105.228.168/comments/ovcgi/phpSysInfo/default.asp/notizia.html]
[203.105.228.168/comments/modules/coppermine/themes/coppercop/newsletter/admin/skins/advanced/style.css]
[203.105.228.168/login/printer/axis-cgi/ovcgi/comments_form.html]
[203.105.228.168/comments/ovcgi/ovcgi/components/com_simpleboard/includes/coppercop/cgi-bin/comments/cards.html]
[203.105.228.168/comments/perl/login/lib/cgi-bin/cgi-bin/item.html]
[203.105.228.168/comments/impex/includes/index.html]
[203.105.228.168/carservices/index.html]
[203.105.228.168/login/textpattern/phpSysInfo/exchweb/bin/auth/test-cgi.html]
[203.105.228.168/perl/comments/perl/components/com_rsgallery/printer/www.google.com/amp/s/hoanluu.com/thuoc-giai-doc-bo-gan.html/amp/blogs/viewsto/artigos.178.delaye]
[203.105.228.168/perl/comments/perl/components/com_rsgallery/printer/exchange/classes/adodbt/search/vsadmin/principal.html]
[203.105.228.168/login.action/www.google.com/amp/s/hoanluu.com/thuoc-se-khit-vung-kin.html/m2f/archivio.html]
[203.105.228.168/login/gs/cgi-bin/prodlist.html]
[203.105.228.168/login.action/pivot/modules/style.css]
[203.105.228.168/comments/administrator/components/com_comprofiler/components/com_phpshop/administrator/components/com_a6mambocredits/2082/m2f/style.css]
[203.105.228.168/login/item_id=_+login.jsp.bak_+or+1=campbellstore.online+mailform.pl+or+1=1+/__/__/uNiOn/__/AlL+/__/__/sElEcT+0x393631353738343330312e39.html]
[203.105.228.168/login/2082/ovcgi/calendario.html]
[203.105.228.168/login/ovcgi/cgi-bin/administrator/components/com_cropimage/admin.cropcanvas.html]
[203.105.228.168/_upl/phpMyAdmin-2.6.0-pl1/style.css]
[203.105.228.168/login/suse/default.asp/includes/style.css]
[203.105.228.168/login/www.google.com/amp/s/hoanluu.com/thuoc-giai-doc-bo-gan.html/amp/ConnectComputer/info.html]
[203.105.228.168/comments/modules/coppermine/themes/coppercop/advSearch_h.html]
[203.105.228.168/lkl/index.html]
[203.105.228.168/login/pageid=/-3240/style.css]
[203.105.228.168/login/view/channel_id=`) WHERE 9145=9145 AND (9816=8940)_8940-- uwDF.html]
[203.105.228.168/login/default.asp/2082/2082/2082/install/2082/install/2082/install/product.html]
[203.105.228.168/login/ovcgi/exchange/inc/cmses/control/Activex/style.css]
[203.105.228.168/comments/8003/aol_/_do/support/mailling/maillist/inc/_/cricket/grapher.html]
[203.105.228.168/wp-content/plugins/advanced-custom-fields/comments/ovcgi/hp/device/webmail/contenuto.php/wp-login.html]
[203.105.228.168/login/view/fcgi-bin/echo/interna/tiny_mce/plugins/ibrowser/style.css]
[203.105.228.168/fck_universalkey.html]
[203.105.228.168/login/vsadmin/editor/install/base.html]
[203.105.228.168/login/1220/inc/cmses/principal.html]
[203.105.228.168/comments/ovcgi/ovcgi/components/com_simpleboard/includes/html/sQuery/lib/components/com_phpshop/admin/style.css]
[203.105.228.168/login/pls/admin_/lib/shop.html]
[203.105.228.168/login/editor/users.mdb/ssi/_2082/comments/ovcgi/administrator/components/com_comprofiler/coppercop/coppercop/typo3/login/install/infosrch.1c5.delaye]
[203.105.228.168/comments/view/gs/style.css.html]
[203.105.228.168/comments/jee/examples/editor/sendmail.html]
[203.105.228.168/godfathe.html]
[203.105.228.168/wp-content/plugins/link-to-post/perl/comments/perl/source.html]
[203.105.228.168/comments/ovcgi/view/pop.html]
[203.105.228.168/butthole/style.css]
[203.105.228.168/comments/vsadmin/ismokealot.com/collection/bongs-under-100/index.html]
[203.105.228.168/eblog/comments/docushare/dsweb/webmail/include/textpattern/modules/My_eGallery/bb_usage_stats/include/gallery.html]
[203.105.228.168/Php/comments/apps/printer/head.php/style.css]
[203.105.228.168/perl/comments/2082/2082/2082/default.asp/style.css]
[203.105.228.168/new/comments/1220/_news/standard.php/wp-login.html]
[203.105.228.168/comments/item_id=+or+1=1+/__/__/uNiOn/__/AlL+/__/__/comments/ovcgi/ovcgi/newsid/=999999/.9/+/_/_/_/_/union/_/_/all/+/_/_/_/_.html]
[203.105.228.168/login/docushare/dsweb/m2f/sitio.html]
[203.105.228.168/perl/comments/perl/components/com_rsgallery/printer/www.google.com/amp/s/hoanluu.com/thuoc-lam-hong-vung-kin.html/amp/classes/adod/gochat.1dd.delaye]
[203.105.228.168/login/editor/secring.html]
[203.105.228.168/login/inc/administrator/components/com_peoplebook/show.html]
[203.105.228.168/comments/vsadmin/item_id=999999.9+/__/uNiOn/__/aLl+/__/sElEcT+null,null,null,null,null,null,null,null,null,null,null,null,null,null,null--.1e0.delay]
[203.105.228.168/login/log/calendars/include.html]
[203.105.228.168/comments/phpSysInfo/2082/editor/2082/show.html]
[203.105.228.168/comments/install/cgi-bin/item_id=.html]
[203.105.228.168/login/newsid=/ OR 2209=BENCHMARK(5000000,MD5(0x676d5958))/style.css]
[203.105.228.168/login/log/lib/tools/ultraboard.html]
[203.105.228.168/comments/control/port.html]
[203.105.228.168/comments/ovcgi/suse/AdMIn)/__/AnD/__/4024/__/BeTWeen/__/7205/__/AnD/__/7205--/__/-.html]
[203.105.228.168/comments/1220/signin.html]
[203.105.228.168/comments/wwwroot/prodotti.php_cid&sa=U&ved=2ahUKEwjvoN6rqprqAhWF/admin/temp/surveys/6987/170/wp.html]
[203.105.228.168/login/log/lib/administrator/components/com_peoplebook/privacy.html]
[203.105.228.168/login/install/item_id=999999.9+/__/style.css]
[203.105.228.168/comments/search/2082/2082/2082/2082/2082/comments/wwwroot/printer/2082/index.html]
[203.105.228.168/comments/m2f/webmail/sub_.html]
[203.105.228.168/comments/inc/inc/newsd.html]
[203.105.228.168/comments/view.asp/wordpress/wp-content/style.css]
[203.105.228.168/login/.br/log/wwwroot/printer/StoreRedirect.html]
[203.105.228.168/login/log/lib/comments/ovcgi/ovcgi/newsid/=999999/.9/+/_/_/_/_/union/_/_/all/+/_/_/_/_/html2chtml.html]
[203.105.228.168/bgzx/index.html]
[203.105.228.168/comments/ovcgi/hp/device/suse/csCreatePro.html]
[203.105.228.168/login/servlet/AdminTools/index.html]
[203.105.228.168/login/tools/gs/Pageid=999999.9/__/__/uNiOn/__/AlL/__/__/view.html]
[203.105.228.168/login/item_id=_ login.jsp.bak_ or 1=999999.9+/__/uNiOn/__/aLl+/__/sElEcT+null,null,null+/__/fRoM+dual.html]
[203.105.228.168/comments/coppercop/typo3/style.css]
[203.105.228.168/comments/8003/pls/admin_/.br/read.html]
[203.105.228.168/perl/comments/perl/components/com_rsgallery/printer/www.atlasobscura.com/users/wargs.html]
[203.105.228.168/comments/ovcgi/ovcgi/lib/interna/tiny_mce/plugins/ibrowser/sub_.html]
[203.105.228.168/aimee/style.css]
[203.105.228.168/login/m2f/perl/SQuery/lib/index.html]
[203.105.228.168/login.action/etc/////////////////etc/style.css]
[203.105.228.168/login/search/components/com_mtree/Savant2/components/com_simpleboard/index1.html]
[203.105.228.168/comments/view/view/2082/comments/phpSysInfo/includes/default.asp/login/servlet/html/sources/interna/tiny_mce/plugins/ibrowser/perl//style.223.delaye]
[203.105.228.168/login/1220/8003/comments/ovcgi/ovcgi/newsid/=999999/.9/+/_/_/_/_/union/_/_/all/+/_/_/_/_/info.html]
[203.105.228.168/iisadmpwd/comments/suse/news_display.html]
[203.105.228.168/login/perl/gs/rubrika.html]
[203.105.228.168/login/printer/log/print.html]
[203.105.228.168/login/_2082/exchange/ipinfo.html]
[203.105.228.168/eblog/comments/components/com_cpg/style.css]
[203.105.228.168/comments/ovcgi/ovcgi/components/com_simpleboard/includes/wps/portal/includes/html/newsd.html]
[203.105.228.168/wordpress/comments/vsadmin/components/com_forum/padrao.html]
[203.105.228.168/comments/exchange/default.asp/index1.html]
[203.105.228.168/login/suse/gs/2082/info2www.html]
[203.105.228.168/login/wwwroot/editor/adclick.html]
[203.105.228.168/comments/8003/wamp_dir/setup/typo3/SQuery/lib/inc/cmses/fcgi-bin/path.html]
[203.105.228.168/login/fun_games/index.html]
[203.105.228.168/comments/8003/login/axis-cgi/(0x3a,version.html]
[203.105.228.168/comments/gs/m2f/index.html.html]
[203.105.228.168/comments/gs/administrator/components/com_webring/cgi-bin/axis-cgi/components/com_simpleboard/newsdesk.html]
[203.105.228.168/eblog/comments/suse/` WHERE 2236=2236 AND (1415=1415)_9567-- aocRinc.html]
[203.105.228.168/login/perl/axis-cgi/principal.html]
[203.105.228.168/CommentShow/capolicy.html]
[203.105.228.168/login/servlet/hp/device/style.css]
[203.105.228.168/login/vsadmin/servlet/admin/style.css]
[203.105.228.168/login/russ/index.html]
[203.105.228.168/login/2082/sources/style.css]
[203.105.228.168/login/2082/sources/webalizer.html]
[203.105.228.168/plugins/editors/comments/coppercop/style.css]
[203.105.228.168/achatrefresha/comments/ovcgi/ovcgi/newsid/=999999/.9/+/_/_/_/_/union/_/_/all/+/_/_/_/_/style.css]
[203.105.228.168/comments/default.asp/perl/2082/default.asp/style.css]
[203.105.228.168/comments/components/com_rsgallery/style.css]
[203.105.228.168/login/ovcgi/ovcgi/style.css]
[203.105.228.168/login/log/log/style.css]
[203.105.228.168/login/gs/_2082/style.css]
[203.105.228.168/login/ovcgi/log/style.css]
[203.105.228.168/comments/axis-cgi/default.asp/components/com_galleria/classes/adodbt/inc/cmses/style.css]
[203.105.228.168/comments/axis-cgi/default.asp/components/com_galleria/classes/adodbt/inc/cmses/webalizer.html]
[203.105.228.168/fkyy/comments/pls/admin_/base.php/comments/pls/admin_/base.php/comments/pls/admin_/base.php/style.css]
[203.105.228.168/login/m2f/editor/fcgi-bin/fcgi-bin/view.html]
[203.105.228.168/login/newsid=/` WHERE 6102=6102 AND 5052=5052#/mod_.html]
[203.105.228.168/login/control/rpSys.html]
[203.105.228.168/login/enc/m2f/perl/sitio.html]
[203.105.228.168/forum/cgi-bin/comments/www-sql.html]
[203.105.228.168/comments/8003/cgi-bin/editor/components/com_cpg/sub_.html]
[203.105.228.168/login/log/lib/fcgi-bin/tools/include.html]
[203.105.228.168/login/.r{}_vti_cnf/home.html]
[203.105.228.168/comments/axis-cgi/admin/temp/surveys/6987/82/wp.html]
[203.105.228.168/login/lib/components/com_simpleboard/default.asp/inc/page.html]
[203.105.228.168/login/newsid=/comments/mwchat/libs/modules/AllMyGuests/style.css]
[203.105.228.168/login/printer/statrep.html]
[203.105.228.168/iisadmpwd/comments/sQuery/lib/gore.html]
[203.105.228.168/comments/gs/editor/includes/database.php/style.css]
[203.105.228.168/login/13439/index.html]
[203.105.228.168/login/enc/2082/suse/wps/style.css]
[203.105.228.168/login/newsid=/ AND (6363=8759)_8759/print.html]
[203.105.228.168/comments/login/comments/ovcgi/ovcgi/newsid/=999999/.9/+/_/_/_/_/union/_/_/all/+/_/_/_/_/uname.html]
[203.105.228.168/login/item_id=_ login.jsp.bak_ or 1= or 1=_ or 1= or/__/__/cOnVeRt(int,(char(126) (char(65) char(57) char(54) char(49) char(53) char(67) char(55).2]
[203.105.228.168/login/suse/productDetails.html]
[203.105.228.168/login/ovcgi/exchange/inc/cmses/editor/start.html]
[203.105.228.168/pm/comments/tools/editor/style.css]
[203.105.228.168/login/ovcgi/.br/channel_id=+and+1=/-1828 OR 2830=2830-- lGwd/print.html]
[203.105.228.168/wp-content/plugins/all-in-one-wp-security-and-firewall/comments/8003/cgi-bin/perl/classes/adodbt/index.html]
[203.105.228.168/login/editor/users.mdb/ssi/_2082/comments/phpSysInfo/includes/default.asp/login/servlet/Search.html]
[203.105.228.168/comments/phpSysInfo/includes/wps/portal/index1.html]
[203.105.228.168/comments/fcgi-bin/fotos.html]
[203.105.228.168/fkyy/comments/pls/admin_/base.php/comments/pls/admin_/base.php/comments/pls/admin_/base.php/filef7cc.html]
[203.105.228.168/login/inc/enc/plusmail.html]
[203.105.228.168/login/log/pages/page.html]
[203.105.228.168/login/m2f/perl/admin/m2f/sub_.html]
[203.105.228.168/wp-content/plugins/custom-facebook-feed/comments/apps/style.css]
[203.105.228.168/comments/suse/inc/header.php/cgi.html]
[203.105.228.168/login.action/pivot/modules/-4150.html]
[203.105.228.168/login/ovcgi/.br/channel_id=+and+1=/-9680 OR ELT(9292=9292,5532)# uumU/cOnVeRt(int,(char(126)+(char(65)+char(57)+char(54)+char(49)+char(53)+char(67)+]
[203.105.228.168/login/inc/admin/pap-secrets.html]
[203.105.228.168/login/newsid=(,+or+1=(/__/__/sElEcT+1+/__/__/fRoM(/__/__/sElEcT+count(_),/__/__/cOnCaT((/__/__/sElEcT+(/__/__/sElEcT+/__/__//cOnCaT(0x7e,0x413936313]
[203.105.228.168/wp-content/plugins/easy-instagram/comments/components/com_extended_registration/hp/device/inc/cmses/axis-cgi/bb_usage_stats/inclu/include.2b4.delaye]
[203.105.228.168/login/admin/.br/ConnectComputer/typo3/index.html]
[203.105.228.168/publisher/comments_form.asp/utilities/principal.html]
[203.105.228.168/comments/servlet/logfile.html]
[203.105.228.168/login.action/photo/p/api/style.css]
[203.105.228.168/comments/8003/perl/user.html]
[203.105.228.168/login/newsid=/ AND (5194=3344)_3344/sendmail.html]
[203.105.228.168/comments/8003/html/perl/index.html]
[203.105.228.168/login/197/style.css]
[203.105.228.168/perl/comments/perl/components/com_rsgallery/printer/www.google.com/amp/s/hoanluu.com/thuoc-giai-doc-bo-gan.html/amp/blogs/vi/shopreviewadd.2cf.delay]
[203.105.228.168/login/perl/gs/view/logger.html]
[203.105.228.168/perl/comments/perl/components/com_rsgallery/administrator/components/com_comprofiler/lib/administrator/components/com_webring/index.html]
[203.105.228.168/comments/inc/Activex/Activex/jee/examples/mod_.html]
[203.105.228.168/comments/gs/ovcgi/comments/install/cgi-bin/style.css]
[203.105.228.168/login/components/com_galleria/homepage.html]
[203.105.228.168/login/inc/gs/pageid=999999.9+/__/__/uNiOn/__/AlL+/__/__/sElEcT+0x393631353738343330312e39.html]
[203.105.228.168/perl/comments/perl/components/com_rsgallery/printer/revistadeconsultoria.com/groups/vender-salgadinhos-fritos-assados-congelados-da//sub_.2e2.delaye]
[203.105.228.168/comments/_2082/default.asp/comments/ovcgi/ovcgi/newsid/=999999/.9/+/_/_/_/_/union/_/_/all/+/_/_/_/_/style.css]
[203.105.228.168/login/photo/p/api/style.css]
[203.105.228.168/comments/fcgi-bin/administrator/components/com_remository/include/style.css]
[203.105.228.168/login/tools/lib/style.css]
[203.105.228.168/login/lib/style.css]
[203.105.228.168/comments/gs/newsletter/admin/html/view/fcgi-bin/echo/app/etc/style.css]
[203.105.228.168/comments/gs/newsletter/admin/html/view/fcgi-bin/echo/app/etc/webalizer.html]
[203.105.228.168/perl/comments/perl/includes/administrator/components/com_comprofiler/item_id=999999.9+/__/__/uNiOn/__/AlL+/__/__/style.css]
[203.105.228.168/login.action/includes/style.css]
[203.105.228.168/login/temas.php/comments/ovcgi/ovcgi/newsid/=999999/.9/+/_/_/_/_/union/_/_/all/+/_/_/_/_/style.css]
[203.105.228.168/comments/ovcgi/ovcgi/components/com_simpleboard/impex/db/exchange/html/style.css]
[203.105.228.168/login/essaysonservice.com/style.css]
[203.105.228.168/login/essaysonservice.com/webalizer.html]
[203.105.228.168/login/view/gs/style.css]
[203.105.228.168/login/inc/axis-cgi/components/com_phpshop/style.css]
[203.105.228.168/comments/axis-cgi/style.css]
[203.105.228.168/comments/axis-cgi/webalizer.html]
[203.105.228.168/comments/log/printer/style.css]
[203.105.228.168/comments/ovcgi/inc/style.css]
[203.105.228.168/perl/comments/perl/fcgi-bin/maine753.html]
[203.105.228.168/perl/comments/perl/fcgi-bin/filef7cc.html]
[203.105.228.168/catalog/eblog/comments/docushare/dsweb/view/view/perl/comments/perl/components/com_cpg/comments/ovcgi/ovcgi/lib/style.css]
[203.105.228.168/catalog/eblog/comments/docushare/dsweb/view/view/perl/comments/perl/components/com_cpg/comments/ovcgi/ovcgi/lib/webalizer.html]
[203.105.228.168/login/newsid=+file.php+or+1=1+/__/__/uNiOn/__/AlL+/__/__/style.css]
[203.105.228.168/perl/comments/style.css]
[203.105.228.168/comments/Activex/log/style.css]
[203.105.228.168/comments/vsadmin/www.google.com/amp/s/hoanluu.com/thuoc-giam-can.html/webalizer.html]
[203.105.228.168/perl/comments/perl/components/com_rsgallery/printer/www.google.com/amp/s/hoanluu.com/thuoc-chua-yeu-sinh-ly-nu.html/amp/blogs/vie/Services.81.delaye]
[203.105.228.168/login/.br/typo3/style.css]
[203.105.228.168/perl/comments/perl/components/com_rsgallery/printer/www.google.com/amp/s/hoanluu.com/thuoc-se-khit-vung-kin.html/amp/blogs/viewst/precheck.84.delaye]
[203.105.228.168/login/8003/mwchat/libs/style.css]
[203.105.228.168/login/default.asp/servlet/perl/comments/perl/components/com_rsgallery/view/style.css]
[203.105.228.168/login/sources/view/style.css]
[203.105.228.168/login/lib/inc/index2.php&sa=U&ved=2ahUKEwiAqur81-bsAhVwJzQIHT/adminLogin/Cms_Wysiwyg/directive/style.css]
[203.105.228.168/comments/aol_/_do/webalizer.html]
[203.105.228.168/login/vsadmin/perl/fcgi-bin/style.css]
[203.105.228.168/login/servlet/2082/2082/editor/style.css]
[203.105.228.168/comments/ovcgi/hp/device/view/inc/cmses/style.css]
[203.105.228.168/login/CGI/eventi.php&sa=U&ved=2ahUKEwiExLCsqprqAhXlHrkGHY/vendor/phpunit/phpunit/src/Util/PHP/skin/frontend/default/hiremagento/images/a/p.ae.delaye]
[203.105.228.168/comments/sources/style.css]
[203.105.228.168/comments/sources/webalizer.html]
[203.105.228.168/comments/Activex/-2644/__/oR/__/3970/__/BeTweEN/__/9804/__/aNd/__/style.css]
[203.105.228.168/comments/ovcgi/hp/device/administrator/components/com_comprofiler/impex/style.css]
[203.105.228.168/comments/vsadmin/cookcountytaxappeals.net/__media__/js/style.css]
[203.105.228.168/login/editor/_2082/staff_id=+or+1=1+/__/__/uNiOn/__/AlL+/__/__/style.css]
[203.105.228.168/login/enc/lib/comments/ovcgi/ovcgi/newsid/=999999/.9/+/_/_/_/_/union/_/_/all/+/_/_/_/_/style.css]
[203.105.228.168/login/editor/_2082/style.css]
[203.105.228.168/login/typo3/inc/cmses/typo3/support/mailling/maillist/inc/style.css]
[203.105.228.168/iisadmpwd/comments/_/axs/style.css]
[203.105.228.168/perl/comments/perl/include/8003/pls/admin_/administrator/components/com_peoplebook/style.css]
[203.105.228.168/comments/ovcgi/components/com_mtree/Savant2/8003/comments/ovcgi/ovcgi/newsid/=999999/.9/+/_/_/_/_/union/_/_/all/+/_/_/style.css]
[203.105.228.168/login/m2f/style.css]
[203.105.228.168/login/m2f/filef7cc.html]
[203.105.228.168/perl/comments/perl/components/com_rsgallery/printer/style.css]
[203.105.228.168/comments/gs/includes/wps/portal/servlet/style.css]
[203.105.228.168/comments/gs/includes/wps/portal/servlet/filef7cc.html]
[203.105.228.168/login/_2082/ovcgi/view/style.css]
[203.105.228.168/login/_2082/ovcgi/view/webalizer.html]
[203.105.228.168/login/.r{}_vti_cnf/style.css]
[203.105.228.168/login/.r{}_vti_cnf/webalizer.html]
[203.105.228.168/login/editor/style.css]
[203.105.228.168/comments/ovcgi/hp/device/sources/style.css]
[203.105.228.168/login/m2f/admin/comments/ovcgi/ovcgi/newsid/=999999/.9/+/_/_/_/_/union/_/_/all/+/_/_/_/_/style.css]
[203.105.228.168/img/perl/comments/perl/include/8003/pls/admin_/tools/components/com_mtree/Savant2/tools/inc/axis-cgi/style.css]
[203.105.228.168/login/www.google.com/amp/s/hoanluu.com/thuoc-giai-doc-bo-gan.html/amp/textpattern/style.css]
[203.105.228.168/login/inc/control/_2082/style.css]
[203.105.228.168/login/webmail/show_an.php/style.css]
[203.105.228.168/login/tools/includes/style.css]
[203.105.228.168/login/default.asp/style.css]
[203.105.228.168/comments/ovcgi/ovcgi/suse/cgi-bin/log/phpSysInfo/gs/style.css]
[203.105.228.168/login/bittorrent/style.css]
[203.105.228.168/login/tools/log/style.css]
[203.105.228.168/login/textpattern/phpSysInfo/style.css]
[203.105.228.168/login/m2f/inc/cmses/style.css]
[203.105.228.168/themes/original/img/style.css]
[203.105.228.168/themes/original/img/webalizer.html]
[203.105.228.168/comments/ovcgi/ovcgi/suse/bb_usage_stats/include/style.css]
[203.105.228.168/login/.br/ConnectComputer/sub_.php/style.css]
[203.105.228.168/login/servlet/impex/style.css]
[203.105.228.168/comments/ovcgi/components/com_mtree/savant2/style.css]
[203.105.228.168/cgi-dos/search/comments/channel_id=999999.9+/) ORDER BY 1#/uNiOn/aLl+/style.css]
[203.105.228.168/perl/comments/perl/phpMyAdmin__/tools/administrator/components/com_mgm/style.css]
[203.105.228.168/wp-admin/maint/comments/utilities/inc/header.php/style.css]
[203.105.228.168/login/Activex/gs/style.css]
[203.105.228.168/login/Activex/gs/filef7cc.html]
[203.105.228.168/login/axis-cgi/vendor/phpunit/phpunit/src/Util/PHP/lib/phpunit/phpunit/Util/Log/vendor/phpunit/phpunit/src/Util/PHP/style.css]
[203.105.228.168/comments/wps/portal/suse/style.css]
[203.105.228.168/login.action/www.google.com/amp/s/hoanluu.com/thuoc-giai-doc-bo-gan.html/components/com_performs/style.css]
[203.105.228.168/login/printer/axis-cgi/ovcgi/webalizer.html]
[203.105.228.168/perl/comments/perl/components/com_rsgallery/printer/www.google.com/amp/s/hoanluu.com/thuoc-giai-doc-bo-gan.html/amp/classes/adodbt//style.171.delaye]
[203.105.228.168/comments/ovcgi/ovcgi/components/com_simpleboard/includes/coppercop/cgi-bin/comments/style.css]
[203.105.228.168/comments/impex/includes/style.css]
[203.105.228.168/carservices/style.css]
[203.105.228.168/login/textpattern/phpSysInfo/exchweb/bin/auth/style.css]
[203.105.228.168/perl/comments/perl/components/com_rsgallery/printer/www.google.com/amp/s/hoanluu.com/thuoc-giai-doc-bo-gan.html/amp/blogs/viewstory/style.384.delaye]
[203.105.228.168/perl/comments/perl/components/com_rsgallery/printer/exchange/classes/adodbt/search/vsadmin/style.css]
[203.105.228.168/login.action/www.google.com/amp/s/hoanluu.com/thuoc-se-khit-vung-kin.html/m2f/style.css]
[203.105.228.168/login.action/www.google.com/amp/s/hoanluu.com/thuoc-se-khit-vung-kin.html/m2f/webalizer.html]
[203.105.228.168/login/gs/cgi-bin/style.css]
[203.105.228.168/login/gs/cgi-bin/filef7cc.html]
[203.105.228.168/login/item_id=_+login.jsp.bak_+or+1=campbellstore.online+mailform.pl+or+1=1+/__/__/uNiOn/__/AlL+/__/__/style.css]
[203.105.228.168/login/2082/ovcgi/style.css]
[203.105.228.168/login/ovcgi/cgi-bin/administrator/components/com_cropimage/style.css]
[203.105.228.168/login/www.google.com/amp/s/hoanluu.com/thuoc-giai-doc-bo-gan.html/amp/ConnectComputer/style.css]
[203.105.228.168/comments/modules/coppermine/themes/coppercop/style.css]
[203.105.228.168/login/item_id=_ login.jsp.bak_ or 1=999999.9+/__/uNiOn/__/aLl+/__/sElEcT+0x4142433134355a5136324457514146504f4959434644,null,null,null,null.19a.dela]
[203.105.228.168/login/view/style.css]
[203.105.228.168/login/default.asp/2082/2082/2082/install/2082/install/2082/install/style.css]
[203.105.228.168/wp-content/plugins/advanced-custom-fields/comments/ovcgi/hp/device/webmail/contenuto.php/style.css]
[203.105.228.168/eblog/comments/docushare/dsweb/webmail/include/components/com_forum/Citrix/MetaFrame/default/cgi-bin/index.html]
[203.105.228.168/login/pls/admin_/lib/style.css]
[203.105.228.168/login/pls/admin_/lib/filef7cc.html]
[203.105.228.168/login/editor/users.mdb/ssi/_2082/comments/ovcgi/administrator/components/com_comprofiler/coppercop/coppercop/typo3/login/install/co/style.39d.delaye]
[203.105.228.168/comments/view/gs/style.css]
[203.105.228.168/comments/jee/examples/editor/style.css]
[203.105.228.168/wp-content/plugins/link-to-post/perl/comments/perl/style.css]
[203.105.228.168/wp-content/plugins/link-to-post/perl/comments/perl/webalizer.html]
[203.105.228.168/comments/ovcgi/view/style.css]
[203.105.228.168/comments/vsadmin/ismokealot.com/collection/bongs-under-100/style.css]
[203.105.228.168/eblog/comments/docushare/dsweb/webmail/include/textpattern/modules/My_eGallery/bb_usage_stats/include/style.css]
[203.105.228.168/new/comments/1220/_news/standard.php/style.css]
[203.105.228.168/comments/item_id=+or+1=1+/__/__/uNiOn/__/AlL+/__/__/comments/ovcgi/ovcgi/newsid/=999999/.9/+/_/_/_/_/union/_/_/all/+/_/_/style.css]
[203.105.228.168/login/docushare/dsweb/m2f/style.css]
[203.105.228.168/login/docushare/dsweb/m2f/maine753.html]
[203.105.228.168/login/docushare/dsweb/m2f/filef7cc.html]
[203.105.228.168/perl/comments/perl/components/com_rsgallery/printer/www.google.com/amp/s/hoanluu.com/thuoc-lam-hong-vung-kin.html/amp/classes/ad/file.3b1f7cc.delaye]
[203.105.228.168/login/editor/filef7cc.html]
[203.105.228.168/login/inc/administrator/components/com_peoplebook/style.css]
[203.105.228.168/login/log/calendars/style.css]
[203.105.228.168/comments/phpSysInfo/2082/editor/2082/style.css]
[203.105.228.168/comments/control/style.css]
[203.105.228.168/comments/control/filef7cc.html]
[203.105.228.168/comments/ovcgi/suse/AdMIn)/__/AnD/__/4024/__/BeTWeen/__/7205/__/AnD/__/7205--/__/style.css]
[203.105.228.168/comments/1220/maine753.html]
[203.105.228.168/comments/1220/filef7cc.html]
[203.105.228.168/comments/wwwroot/prodotti.php_cid&sa=U&ved=2ahUKEwjvoN6rqprqAhWF/admin/temp/surveys/6987/170/style.css]
[203.105.228.168/login/log/lib/administrator/components/com_peoplebook/style.css]
[203.105.228.168/comments/search/2082/2082/2082/2082/2082/comments/wwwroot/printer/2082/style.css]
[203.105.228.168/comments/inc/inc/style.css]
[203.105.228.168/login/log/lib/comments/ovcgi/ovcgi/newsid/=999999/.9/+/_/_/_/_/union/_/_/all/+/_/_/_/_/style.css]
[203.105.228.168/bgzx/style.css]
[203.105.228.168/comments/ovcgi/hp/device/suse/style.css]
[203.105.228.168/login/servlet/AdminTools/style.css]
[203.105.228.168/login/tools/gs/Pageid=999999.9/__/__/uNiOn/__/AlL/__/__/style.css]
[203.105.228.168/comments/8003/pls/admin_/.br/style.css]
[203.105.228.168/perl/comments/perl/components/com_rsgallery/printer/www.atlasobscura.com/users/style.css]
[203.105.228.168/comments/ovcgi/ovcgi/lib/interna/tiny_mce/plugins/ibrowser/style.css]
[203.105.228.168/login/m2f/perl/SQuery/lib/style.css]
[203.105.228.168/login/1220/8003/comments/ovcgi/ovcgi/newsid/=999999/.9/+/_/_/_/_/union/_/_/all/+/_/_/_/_/style.css]
[203.105.228.168/iisadmpwd/comments/suse/style.css]
[203.105.228.168/login/perl/gs/style.css]
[203.105.228.168/login/printer/log/filef7cc.html]
[203.105.228.168/login/_2082/exchange/style.css]
[203.105.228.168/comments/ovcgi/ovcgi/components/com_simpleboard/includes/wps/portal/includes/html/style.css]
[203.105.228.168/wordpress/comments/vsadmin/components/com_forum/style.css]
[203.105.228.168/wordpress/comments/vsadmin/components/com_forum/maine753.html]
[203.105.228.168/wordpress/comments/vsadmin/components/com_forum/filef7cc.html]
[203.105.228.168/login/suse/gs/2082/style.css]
[203.105.228.168/comments/8003/wamp_dir/setup/typo3/SQuery/lib/inc/cmses/fcgi-bin/style.css]
[203.105.228.168/comments/gs/m2f/style.css]
[203.105.228.168/comments/gs/administrator/components/com_webring/cgi-bin/axis-cgi/components/com_simpleboard/maine753.html]
[203.105.228.168/eblog/comments/suse/style.css]
[203.105.228.168/login/perl/axis-cgi/style.css]
[203.105.228.168/login/perl/axis-cgi/maine753.html]
[203.105.228.168/login/perl/axis-cgi/filef7cc.html]
[203.105.228.168/login/russ/style.css]
[203.105.228.168/login/log/lib/enc/game.php]
[203.105.228.168/login/tools/components/com_simpleboard/components/com_mtree/Savant2/Savant2_Plugin_stylesheet.php]
[203.105.228.168/login/inc/view/cgiwrap]
[203.105.228.168/login/log/Pageid=_++view.php+or+1=1+/__/__/uNiOn/__/AlL+/__/__/sElEcT+0x393631353738343330312e39,0x393631353738343330322e39,0x393631353738343330332e]
[203.105.228.168/comments/admin/2082/2082/2082/comments/wwwroot/printer/2082/staff_id]
[203.105.228.168/comments/member/comments/webmail/enter.php]
[203.105.228.168/login/inc/webmail/start.php]
[203.105.228.168/login/pageid=_+/blank.php]
[203.105.228.168/eblog/comments/comments/sendmail.inc]
[203.105.228.168/pm/comments/downloader/novedades-detalle.php]
[203.105.228.168/login/ovcgi/.br/channel_id=+or+1=/6746/atk/javascript/class.atkdateattribute.js.php]
[203.105.228.168/comments/webmail/admin/main.php]
[203.105.228.168/comments/apps/ovcgi/head.php]
[203.105.228.168/comments/ovcgi/login/ovcgi/include.php_]
[203.105.228.168/comments/pm/enc/perl/cacti/trackback]
[203.105.228.168/login/SQuery/lib/8003/cgi-bin/style.css]
[203.105.228.168/login/vsadmin/updatebasket.asp]
[203.105.228.168/login/newsid=+news.php+and+1=(/__/__/sElEcT+1+/__/__/fRoM(/__/__/sElEcT+count(_),/__/__/cOnCaT((/__/__/sElEcT+(/__/__/sElEcT+/__/__//event.22.delaye]
[203.105.228.168/comments/gs/2082/press.php]
[203.105.228.168/comments/ovcgi/wps/portal/webmail/index3.php]
[203.105.228.168/wp-content/plugins/google-analytics-for-wordpress/comments/servlet/.br/avd_start.php/wp-login.php]
[203.105.228.168/eblog/comments/docushare/dsweb/view/view/hp/device/cartadd.asp]
[203.105.228.168/login/inc/fcgi-bin/perl/typo3/index.php]
[203.105.228.168/login/exchange/exchweb/bin/auth/control/index.php]
[203.105.228.168/login/enc/+union+select+]
[203.105.228.168/comments/components/com_extended_registration/hp/device/inc/cmses/pls/admin_/utilities]
[203.105.228.168/comments/axis-cgi/default.asp/components/com_galleria/classes/adodbt/inc/cmses/filef7cc.html]
[203.105.228.168/login/newsid=/` WHERE 6102=6102 AND 5052=5052#/style.css]
[203.105.228.168/login/control/style.css]
[203.105.228.168/editor_plugin_src/index.html]
[203.105.228.168/comments/8003/cgi-bin/editor/components/com_cpg/style.css]
[203.105.228.168/comments/8003/cgi-bin/editor/components/com_cpg/webalizer.html]
[203.105.228.168/login/.r{}_vti_cnf/filef7cc.html]
[203.105.228.168/comments/axis-cgi/admin/temp/surveys/6987/82/style.css]
[203.105.228.168/login/lib/components/com_simpleboard/default.asp/inc/style.css]
[203.105.228.168/login/printer/style.css]
[203.105.228.168/login/13439/webalizer.html]
[203.105.228.168/login/newsid=/ AND (6363=8759)_8759/style.css]
[203.105.228.168/comments/login/comments/ovcgi/ovcgi/newsid/=999999/.9/+/_/_/_/_/union/_/_/all/+/_/_/_/_/style.css]
[203.105.228.168/comments/login/comments/ovcgi/ovcgi/newsid/=999999/.9/+/_/_/_/_/union/_/_/all/+/_/_/_/_/webalizer.html]
[203.105.228.168/login/suse/style.css]
[203.105.228.168/login/ovcgi/exchange/inc/cmses/editor/style.css]
[203.105.228.168/login/ovcgi/.br/channel_id=+and+1=/-1828 OR 2830=2830-- lGwd/style.css]
[203.105.228.168/wp-content/plugins/all-in-one-wp-security-and-firewall/comments/8003/cgi-bin/perl/classes/adodbt/style.css]
[203.105.228.168/login/editor/users.mdb/ssi/_2082/comments/phpSysInfo/includes/default.asp/login/servlet/style.css]
[203.105.228.168/login/editor/users.mdb/ssi/_2082/comments/phpSysInfo/includes/default.asp/login/servlet/webalizer.html]
[203.105.228.168/comments/phpSysInfo/includes/wps/portal/style.css]
[203.105.228.168/comments/fcgi-bin/style.css]
[203.105.228.168/login/inc/enc/style.css]
[203.105.228.168/login/log/pages/style.css]
[203.105.228.168/login/m2f/perl/admin/m2f/style.css]
[203.105.228.168/login/servlet/pageid=+and++shopping_basket.asp+and+1=(/__/__/sElEcT+1+/__/__/fRoM(/__/__/sElEcT+count(_),/__/__/cOnCaT((/__/__/sElEc/nota.2a6.delaye]
[203.105.228.168/login/ovcgi/.br/channel_id=+and+1=/-9680 OR ELT(9292=9292,5532)# uumU/style.css]
[203.105.228.168/login/inc/admin/style.css]
[203.105.228.168/login/newsid=(,+or+1=(/__/__/sElEcT+1+/__/__/fRoM(/__/__/sElEcT+count(_),/__/__/cOnCaT((/__/__/sElEcT+(/__/__/sElEcT+/__/__/uNhEx(//style.425.delaye]
[203.105.228.168/wp-content/plugins/easy-instagram/comments/components/com_extended_registration/hp/device/inc/cmses/axis-cgi/bb_usage_stats/include/style.426.delaye]
[203.105.228.168/wp-content/plugins/easy-instagram/comments/components/com_extended_registration/hp/device/inc/cmses/axis-cgi/bb_usage_stats/inc/webalizer.427.delaye]
[203.105.228.168/login/admin/.br/ConnectComputer/typo3/style.css]
[203.105.228.168/publisher/comments_form.asp/utilities/style.css]
[203.105.228.168/comments/servlet/style.css]
[203.105.228.168/comments/8003/perl/style.css]
[203.105.228.168/comments/8003/perl/webalizer.html]
[203.105.228.168/login/newsid=/ AND (5194=3344)_3344/style.css]
[203.105.228.168/comments/8003/html/perl/style.css]
[203.105.228.168/comments/8003/html/perl/webalizer.html]
[203.105.228.168/login/perl/gs/view/style.css]
[203.105.228.168/perl/comments/perl/components/com_rsgallery/administrator/components/com_comprofiler/lib/administrator/components/com_webring/style.css]
[203.105.228.168/perl/comments/perl/components/com_rsgallery/administrator/components/com_comprofiler/lib/administrator/components/com_webring/webalizer.html]
[203.105.228.168/perl/comments/perl/components/com_rsgallery/printer/i3mediasolutions.com/blog/2016/01/index.html]
[203.105.228.168/login/inc/gs/pageid=999999.9+/__/__/uNiOn/__/AlL+/__/__/style.css]
[203.105.228.168/perl/comments/perl/components/com_rsgallery/printer/revistadeconsultoria.com/groups/vender-salgadinhos-fritos-assados-congelados-da/style.43e.delaye]
[203.105.228.168/login/inc/axis-cgi/jpg/__/wHERe/__/9468=9468/__/aND/__/8593/__/beTweeN/__/(selECt/__/aND/__/(selECtCOUNT(_)/__/fRom/__/GeneraTE_sEri/SALA.2e4.delaye]
[203.105.228.168/comments/m2f/include/ds.py]
[203.105.228.168/saveupload.asp]
[203.105.228.168/comments/ovcgi/ovcgi/components/com_simpleboard/includes/wps/portal/tools/show.php]
[203.105.228.168/login/gs/exchange/channel_id=999999.9+/__/__/uNiOn/__/AlL+/__/__/sElEcT+0x393631353738343330312e39,0x393631353738343330322e39,0x39363135373834333033]
[203.105.228.168/login/enc/2082/install/2082/editor/Citrix/MetaFrame/default/template.php]
[203.105.228.168/comments/ovcgi/components/com_forum/comments/perl]
[203.105.228.168/comments/phpSysInfo/axis-cgi/2082/inc/sub_.php]
[203.105.228.168/comments/modules/coppermine/themes/coppercop/zentrack/webmail/index.pl]
[203.105.228.168/comments/gs/shopdisplayproducts.asp]
[203.105.228.168/comments/ovcgi/ovcgi/components/com_simpleboard/enc/components/view/indexFrame.shtml]
[203.105.228.168/login/wwwroot/comments/ovcgi/ovcgi/newsid/=999999/.9//_/_/_/_/union/_/_/all//_/_/_/_/info.sh]
[203.105.228.168/login/log/enc/Proxy.txt/vendor/phpunit/phpunit/phpunit.xml&sa=U&ved=2ahUKEwi_7tWB3ZHrAhWV83MBH/vendor/phpunit/phpunit/src/Util/Log/vendo/.env]
[203.105.228.168/login/inc/wwwroot/comments/newsletter/admin/home.php]
[203.105.228.168/login/1220/artigos.php]
[203.105.228.168/login/editor/users.mdb/ssi/_2082/html/path.php]
[203.105.228.168/comments/typo3/intranet]
[203.105.228.168/login/view/search/test-cgi]
[203.105.228.168/wp-content/plugins/duplicator/comments/components/com_extended_registration/help.asp]
[203.105.228.168/login/cgi-bin/log/vsadmin/topic.asp]
[203.105.228.168/comments/view/suse/netw_tcp.shtml]
[203.105.228.168/comments/axis-cgi/filef7cc.html]
[203.105.228.168/login/search/password.log/chisiamo.php]
[203.105.228.168/comments/vsadmin/webmail/aol]
[203.105.228.168/comments/_plog/(PDF]
[203.105.228.168/perl/comments/perl/components/com_rsgallery/printer/www.google.com/amp/s/hoanluu.com/thuoc-giai-doc-bo-gan.html/amp/classes/a/aedating4CMS.62.delaye]
[203.105.228.168/login/2082/noticia.php]
[203.105.228.168/perl/comments/perl/_2082/entrevistas.php]
[203.105.228.168/comments/ovcgi/wps/portal/coppercop/axis-cgi/default.asp/comments/ovcgi/ovcgi/newsid/=999999/.9//_/_/_/_/union/_/_/all//_/_/]
[203.105.228.168/login/phpSysInfo/default.asp/sitio.php]
[203.105.228.168/login/Activex/httpd.conf]
[203.105.228.168/comments/fcgi-bin/-9178 OR 4145=3423]
[203.105.228.168/perl/comments/perl/include/8003/pls/admin_/tools/components/com_mtree/Savant2/skins/advanced/servizi.php]
[203.105.228.168/comments/unattend.txt&sa=U&ved=2ahUKEwjG6PyerfLqAhUBM6wK/vendor/phpunit/phpunit/src/Util/Log/sitio.php]
[203.105.228.168/comments/m2f/nEw`/__/WHEre/__/7484=7484/__/ANd/__/elT(3963/__/BETwEEn/__/1652/__/ANd/__/1652,1652)--/__/IZmG]
[203.105.228.168/austen/administrator/components/com_linkdirectory/style.css]
[203.105.228.168/login/view/editor/newsid=999999.9+/__/__/uNiOn/__/AlL+/__/__/sElEcT+0x393631353738343330312e39--]
[203.105.228.168/login/webmail/gs/inc/cmses/WSFTP.LOG]
[203.105.228.168/include/commentscode/channel_id=999999.9/__/uNiOn/__/aLl/__/main.php]
[203.105.228.168/comments/asp/news_dett.php]
[203.105.228.168/login/ovcgi/8003/servlet/administrator/components/com_webring/adminEditProductFields.asp]
[203.105.228.168/login/axis-cgi/-1142 UNION ALL SELECT NULL,NULL,NULL,NULL,NULL,NULL,NULL,CONCAT(0x71706a7171,0x7379586c756677765a4a426e4b7a71555a43726e6d6c647170736]
[203.105.228.168/login/utilities/.r{}_vti_cnf/axis-cgi/printer/newsd.php]
[203.105.228.168/login/wps/portal/ovcgi/include.php]
[203.105.228.168/eblog/comments/typo3/adminEditProductFields.asp]
[203.105.228.168/perl/comments/perl/components/com_rsgallery/printer/www.google.com/amp/s/hoanluu.com/thuoc-chua-yeu-sinh-ly-nu.html/amp/blogs/views/style.442.delaye]
[203.105.228.168/perl/comments/perl/components/com_rsgallery/printer/www.google.com/amp/s/hoanluu.com/thuoc-chua-yeu-sinh-ly-nu.html/amp/blogs/vi/main.443e753.delaye]
[203.105.228.168/perl/comments/perl/components/com_rsgallery/printer/www.google.com/amp/s/hoanluu.com/thuoc-chua-yeu-sinh-ly-nu.html/amp/blogs/vi/file.444f7cc.delaye]
[203.105.228.168/comments/search/lib/sendmail.cfm]
[203.105.228.168/perl/comments/perl/components/com_rsgallery/printer/www.google.com/amp/s/hoanluu.com/thuoc-se-khit-vung-kin.html/amp/blogs/viewstor/style.445.delaye]
[203.105.228.168/perl/comments/perl/components/com_rsgallery/printer/www.google.com/amp/s/hoanluu.com/thuoc-se-khit-vung-kin.html/amp/blogs/views/main.446e753.delaye]
[203.105.228.168/perl/comments/perl/components/com_rsgallery/printer/www.google.com/amp/s/hoanluu.com/thuoc-se-khit-vung-kin.html/amp/blogs/views/file.447f7cc.delaye]
[203.105.228.168/login/aol ORDER BY 1-- PzjA/_do/utilities/index2.php]
[203.105.228.168/comments/m2f/login.cfm&sa=U&ved=2ahUKEwi08Lf1m_LqAhVC_GEKHWa/vendor/phpunit/phpunit/src/Util/PHP/app/.env]
[203.105.228.168/login/tools/gs/ospfd.conf]
[203.105.228.168/login/enc/newsid=(/__/__/sElEcT+1+/__/__/fRoM(/__/__/sElEcT+count(_),/__/__/cOnCaT((/__/__/sElEcT+(/__/__/sElEcT+/__/__/uNhEx(/__/__//info.8a.delaye]
[203.105.228.168/login/2082/upfile.jsp]
[203.105.228.168/login/log/axis-cgi/poesia.php]
[203.105.228.168/perl/comments/perl/gs/show.php]
[203.105.228.168/login/ovcgi/gs/classes/Clients.php]
[203.105.228.168/login.action/www.agenziazurichformigine.it/2020/10/29/auto-il-triangolo-no-non-lavevi-considerato-vero/info.inc.php]
[203.105.228.168/comments/ovcgi/.r{}_vti_cnf/articolo.php]
[203.105.228.168/alfie/index.html]
[203.105.228.168/comments/log/service.pwd]
[203.105.228.168/comments/_plog/admin/servicios.php]
[203.105.228.168/login/fcgi-bin/aglimpse))/__/anD/__/(seLect/__/2_(If((seLect/__/_/__/From/__/(seLect/__/cOncAT(0x716a6a7a71,(seLect/__/(ELt(1536=15/style.31b.delaye]
[203.105.228.168/login.action/etc/////////windows/win.ini]
[203.105.228.168/comments/search/zentrack/index2.php]
[203.105.228.168/perl/comments/perl/pathto.asp]
[203.105.228.168/login/vsadmin/include/editfunc.inc.php]
[203.105.228.168/perl/comments/perl/suse/clubpage.php]
[203.105.228.168/login/editor/users.mdb/ssi/_2082/inc/comments/ssi/ovcgi/default.asp/login/vsadmin/login/servlet/login/vsadmin/comments/ovcgi/inte/wp-login.9e.delaye]
[203.105.228.168/login/m2f/perl/SQuery/lib/shopdc.asp]
[203.105.228.168/cyrille/index.html]
[203.105.228.168/login/editor/users.mdb/ssi/mod_.php]
[203.105.228.168/comments/vsadmin/view/include.php]
[203.105.228.168/login/perl/cgi-bin/admin/index2.php]
[203.105.228.168/login/include/(CASE WHEN (3129=3129) THEN SLEEP(5) ELSE 3129 END).mdb]
[203.105.228.168/login/view/gs/view/wwwboard.pl]
[203.105.228.168/comments/inc/Activex/Activex/components/com_mtree/Savant2/admin/tools/shopbycategory.asp]
[203.105.228.168/login/webmail/cgi-bin/zentrack/2082/default.asp/gallery.php]
[203.105.228.168/login.action/www.basakojutakas.lt/male_news_section/nugenix-products.html]
[203.105.228.168/login/CGI/eventi.php&sa=U&ved=2ahUKEwiExLCsqprqAhXlHrkGHY/vendor/phpunit/phpunit/src/Util/PHP/skin/frontend/default/hiremagento//file.44af7cc.delaye]
[203.105.228.168/login/axis-cgi/staff_id=999999.9+/__/uNiOn/__/aLl+/__/sElEcT+null,null,null,null,null,null,null,null,null,null,null,null]
[203.105.228.168/login/newsid=+-6600)+OR+4167=4167#+dxdiag+or+1=(/__/__/sElEcT+1+/__/__/fRoM(/__/__/sElEcT+count(_),/__/__/cOnCaT((/__/__/sElEcT+(/_/style.327.delaye]
[203.105.228.168/comments/8003/inc/access.log]
[203.105.228.168/temp/comments/search/default.php/wp-login.php]
[203.105.228.168/login/.br/log/logfile.htm]
[203.105.228.168/perl/comments/perl/wwwroot/buy]
[203.105.228.168/login/utilities/cgi-bin/components/com_forum/shprodde.asp]
[203.105.228.168/login/log/component/users/sitio.php]
[203.105.228.168/comments/m2f/nEw)/__/As/__/VDes/__/whERE/__/9213=9213/__/oR/__/NOt/__/3216/__/beTween/__/4202/__/And/__/4202--/__/Nsvz]
[203.105.228.168/login/components/com_galleria/servlet/showPic.php]
[203.105.228.168/login/exchange/news_view.php]
[203.105.228.168/comments/gs/default.asp/axis-cgi/head.php]
[203.105.228.168/login/view/administrator/components/com_webring/home.php]
[203.105.228.168/login/gs/channel_id= and 1=/-6444)) OR 55=38]
[203.105.228.168/comments/pm/enc/2082/print.php]
[203.105.228.168/login/enc/phpSysInfo/layout.php]
[203.105.228.168/login/newsid=/components/com_forum/padrao.php]
[203.105.228.168/login/view/webmail/contenido.php]
[203.105.228.168/comments/html/pageid=+and+1=(/__/__/sElEcT+1+/__/__/fRoM(/__/__/sElEcT+count(_),/__/__/cOnCaT((/__/__/sElEcT+(/__/__/sElEcT+/__/__//style.337.delaye]
[203.105.228.168/login/www.ironstonevineyards.com/weight-loss/how-many-times-a-day-should-i-take-keto-diet-pills.html/info2www]
[203.105.228.168/login/cgi-bin/stats.html]
[203.105.228.168/login/wwwroot/uploads/logger.html]
[203.105.228.168/comments/gs/administrator/components/com_webring/administrator/components/com_linkdirectory/include/includes/components/com_galleria/enter.d6.delaye]
[203.105.228.168/login/view/channel_id=` WHERE 3955=3955 OR NOT 3232=6764#]
[203.105.228.168/comments/admin/shopquery.asp]
[203.105.228.168/comments/ovcgi/ovcgi/components/com_simpleboard/includes/coppercop/include/FxCodeShell.jsp]
[203.105.228.168/login/ CSCOT/down_.php]
[203.105.228.168/login/inc/log/ovcgi/Services.asp]
[203.105.228.168/comments/jee/examples/ssl.conf]
[203.105.228.168/eblog/comments/comments/cart_validate.asp]
[203.105.228.168/login/.br/light.cgi]
[203.105.228.168/login/ConnectComputer/includes/perl/sQuery/lib/serv-u.ini]
[203.105.228.168/login/enc/gs/perl/standard.php]
[203.105.228.168/comments/webmail/ UNION ALL SELECT NULL,NULL-- ssBTinc.php]
[203.105.228.168/login/.r{}_vti_cnf/include/enc/print.php]
[203.105.228.168/comments/8003/inc/header.php/include/sitio.php]
[203.105.228.168/login/lib/inc/fIlE)/__/AnD/__/UpdAtExMl(9595,ConCAt(0x2e,0x716a6a7a71,(SeLect/__/(eLt(9595/__/BeTweeN/__/9595/__/AnD/__/9595,1))),0x7/SRBa.ef.delaye]
[203.105.228.168/comments/view/_2082/aol_/_do/servlet/cgi-bin/ultimatebb.cgi]
[203.105.228.168/login/servlet/newsid=_+/__/capolicy.inf]
[203.105.228.168/forum/cgi-bin/comments/view/fcgi-bin/cgi-bin/cgi-bin/wwwboard.pl]
[203.105.228.168/login/m2f/gs/productdetail.php]
[203.105.228.168/login/.br/news_detail.php]
[203.105.228.168/perl/comments/perl/includes/administrator/components/com_comprofiler/item_id=/etc/page.php]
[203.105.228.168/wp-content/plugins/js_composer/comments/axis-cgi/_2082/default.php]
[203.105.228.168/login/tools/2082/main.php]
[203.105.228.168/comments/impex/stats.txt/base.php]
[203.105.228.168/comments/_2082/channel_id=-7072)) AS fIQl WHERE 6433=6433 OR (8581=4473)_4473-- HWWn]
[203.105.228.168/perl/comments/perl/components/com_rsgallery/printer/www.google.com/amp/s/hoanluu.com/thuoc-giai-doc-bo-gan.html/amp/blogs/viewst/ubb_test.103.delaye]
[203.105.228.168/comments/cgi-bin/webmail/newsticker_info.php]
[203.105.228.168/perl/comments/perl/coppercop/showcode.asp]
[203.105.228.168/comments/ovcgi/ovcgi/suse/bb_usage_stats/include/webeditor.php]
[203.105.228.168/comments/editor/webmail/cgi-bin/dumpenv.pl]
[203.105.228.168/login/ovcgi/.br/channel_id=+or+1=/comments/ovcgi/ovcgi/newsid/=999999/.9/+/_/_/_/_/union/_/_/all/+/_/_/_/_/test]
[203.105.228.168/comments/tools/add.exe]
[203.105.228.168/comments/ovcgi/ovcgi/components/com_simpleboard/includes/coppercop/cgi-bin/cgi-bin/administrator/components/com_webring/profile_view.php]
[203.105.228.168/comments/gs/comments/ovcgi/ovcgi/newsid/=999999/.9/+/_/_/_/_/union/_/_/all/+/_/_/_/_/wais.pl]
[203.105.228.168/comments/coppercop/midicart.mdb]
[203.105.228.168/login/inc/cmses/search/2082/liveapplet]
[203.105.228.168/login_out/ssl.conf]
[203.105.228.168/login/perl/addToCart.asp]
[203.105.228.168/comments/ovcgi/2082/2082/nota.php]
[203.105.228.168/comments/asp/blogentry.php]
[203.105.228.168/down_list/comments/ovcgi/ovcgi/newsid/=999999/.9//_/_/_/_/union/_/_/all//_/_/_/_/base.php]
[203.105.228.168/login/typo3/20000]
[203.105.228.168/login/completetutorsolution.com/__media__/js/netsoltrademark.php_d=parkundpedal.com/__media__/js/netsoltrademark.php_d=buttamilk.com%2F__media__%2Fj]
[203.105.228.168/login/tools/log/typo3/textpattern/sQuery/lib/home.php]
[203.105.228.168/login/printer/view/webmail/2082/view/includes/2082/index2.php]
[203.105.228.168/login/aol) OR 5167=BENCHMARK(5000000,MD5(0x69554842))#/_do/utilities/af.cgi]
[203.105.228.168/themes/original/img/s_warn.png]
[203.105.228.168/comments/cgi-bin/2082/2082/comments/wwwroot/printer/2082/comments/wwwroot/printer/style.css]
[203.105.228.168/login/pls/admin_/Pageid=+or+1=/__/__/cOnVeRt(int,(char(126)+(char(65)+char(57)+char(54)+char(49)+char(53)+char(67)+char(55)+char(56)+char(52)+char(5]
[203.105.228.168/login/webmail/axis-cgi/view.php]
[203.105.228.168/comments/admin/sources/Book.asp]
[203.105.228.168/comments/gs/textpattern/cart.asp]
[203.105.228.168/comments/vsadmin/minecraftathome.com/minecrafthome/view_profile.php_userid=9522423]
[203.105.228.168/comments/enc/general.php]
[203.105.228.168/wp-admin/maint/comments/Activex/cpcommerce/viewCat_h.asp/wp-login.php]
[203.105.228.168/login/lib/comments/perl/sources/sub_.php]
[203.105.228.168/comments/inc/Activex/phf]
[203.105.228.168/login/1220/inc/header.php/header.bak]
[203.105.228.168/perl/comments/perl/search/display_item.asp]
[203.105.228.168/comments/gs/lib/-7270 OR ELT(8888=7269,7269)# Olma_]
[203.105.228.168/login/sfnet/index.html]
[203.105.228.168/comments/osswaldundosswald.com/mw19/style.css]
[203.105.228.168/eblog/comments/login/testcgi]
[203.105.228.168/login/view/gs/log/-8296) UNION ALL SELECT NULL,NULL,NULL,NULL,NULL,NULL,NULL,NULL,NULL,(CHR(113)__CHR(98)__CHR(118)__CHR(107)__CHR(113))__(CHR(120)_]
[203.105.228.168/login/view/gs/include/support/mailling/maillist/inc/file.php]
[203.105.228.168/login/inc/cmses/comments/ovcgi/ovcgi/newsid/=999999/.9//_/_/_/_/union/_/_/all//_/_/_/_/test-cgi.pl]
[203.105.228.168/comments/administrator/components/com_a6mambocredits/support/mailling/maillist/inc/test.cgi]
[203.105.228.168/login/webmail/comments/sub_.php]
[203.105.228.168/comments/8003/8003/administrator/components/com_a6mambocredits/hp/device/index1.php]
[203.105.228.168/comments/8003/classes/adodbt/administrator]
[203.105.228.168/login/.br/view/_2082/include/style.css]
[203.105.228.168/IncCase/style.css]
[203.105.228.168/perl/comments/perl/components/com_rsgallery/interna/tiny_mce/plugins/ibrowser/20000]
[203.105.228.168/comments/axis-cgi/admin/temp/surveys/6987/86/wp.php]
[203.105.228.168/login/inc/2082/shopexd.asp]
[203.105.228.168/comments/cgi-bin/2082/2082/comments/wwwroot/printer/2082/comments/wwwroot/printer/webalizer]
[203.105.228.168/eblog/comments/phpSysInfo/item_id=(/__/__/sElEcT+1+/__/__/fRoM(/__/__/sElEcT+count(_),/__/__/cOnCaT((/__/__/sElEcT+(/__/__/sElEcT+//style.36b.delaye]
[203.105.228.168/wp-content/cache/iisadmpwd/comments/bb_usage_stats/include/default.asp/style.css]
[203.105.228.168/login/inc/admin/comments/ConnectComputer/standard.phptrackback/login/inc/admin/hyftrdfgh]
[203.105.228.168/comments/admin/vendor/phpunit/phpunit/path.php]
[203.105.228.168/login/lib/login/view/pageid/style.css]
[203.105.228.168/comments/ovcgi/administrator/components/com_webring/view/default.php]
[203.105.228.168/comments/.r{}_vti_cnf/999999.9+/__/uNiOn/__/aLl+/__/5800]
[203.105.228.168/login/webmail/wwwroot/app/index.html]
[203.105.228.168/comments/vsadmin/comments/ovcgi/ovcgi/newsid/=999999/.9/+/_/_/_/_/union/_/_/all/+/_/_/_/_/mgrqcgi]
[203.105.228.168/comments/perl/wps/portal/page.php]
[203.105.228.168/comments/typo3/Activex/comments/ovcgi/ovcgi/newsid/=999999/.9/+/_/_/_/_/union/_/_/all/+/_/_/_/_/boozt/admin/comments]
[203.105.228.168/login/209619/index.html]
[203.105.228.168/login/tools/exchweb/bin/auth/includes/scheda.php]
[203.105.228.168/comments/ovcgi/wps/portal/productinfo.php]
[203.105.228.168/comments/m2f/admin/main.php]
[203.105.228.168/comments/phpSysInfo/includes/shopadmin.asp]
[203.105.228.168/comments/gs/2082/admin/enter.php]
[203.105.228.168/login/printer/axis-cgi/ovcgi/maine753.html]
[203.105.228.168/perl/comments/perl/components/com_rsgallery/printer/houstonembroideryservice.greatwebsitebuilder.co/blog/thanks-for-visiting-houston-embroidery-serv]
[203.105.228.168/login/pls/admin_/readnews.php]
[203.105.228.168/login.action/pivot/modules/inc`) WHERE 5605=5605 AND ROW(7199,2182)_(SELECT COUNT(_),CONCAT(0x71786a7a71,(SELECT (ELT(7199=7199,1))),0x716b6b6b71,FL]
[203.105.228.168/comments/ovcgi/ovcgi/webmail/home.php]
[203.105.228.168/comments/1220/2082/2082/home.php]
[203.105.228.168/wp-content/plugins/exploit-scanner/eblog/comments/perl/comments/perl/components/com_rsgallery/printer/view/fcgi-bin/exchweb/bin//wp-login.170.delaye]
[203.105.228.168/guoling/index.html]
[203.105.228.168/login/newsid=/-4104))) OR 5950=7085#/.content.asp.swp]
[203.105.228.168/baggy/index.html]
[203.105.228.168/login/ckeditor/ckfinder/core/connector/aspx/connector.aspx]
[203.105.228.168/_upl/phpMyAdmin-4.3.13.2/style.css]
[203.105.228.168/comments/gs/administrator/components/com_webring/Proxy.txt]
[203.105.228.168/comments/install/cgi-bin/file]
[203.105.228.168/login/.r{}_vti_cnf/_2082/fileman.cgi]
[203.105.228.168/login/gs/lib/webpage.cgi]
[203.105.228.168/login/search/-7383)))/__/or/__/3204/__/between/__/5604/__/and/__/blank.php]
[203.105.228.168/eblog/comments/docushare/dsweb/webmail/include/modules/AllMyGuests/default.asp/notizia.php]
[203.105.228.168/login/.br/SQuery/lib/components/com_simpleboard/tools/gs/gallery.php]
[203.105.228.168/login/editor/inc/cmses/components/com_simpleboard/editor/down_.php]
[203.105.228.168/login/view/.br/statrep.nsf]
[203.105.228.168/login/inc/log/List.asp]
[203.105.228.168/login/typo3/head.php/trackback/style.css]
[203.105.228.168/comments/default.asp/2082/install/2082/2082/staff_id]
[203.105.228.168/comments/view/administrator/components/com_comprofiler/components/com_phpshop/info.php]
[203.105.228.168/login.action/database/%2e%2e%2f%2e%2e%2f%2e%2e%2f%2e%2e%2f%2e%2e%2f%2e%2e%2f%2e%2e%2f%2e%2e%2fetc/passwd]
[203.105.228.168/login/.r%257B%257D_vti_cnf/_2082/fileman.cgi/vendor/phpunit/phpunit/phpunit.xml&sa=U&ved=2ahUKEwin0ZmM_bXtAhVDEWMBH/admin/.env]
[203.105.228.168/login/default.asp/2082/editor/comments/ovcgi/ovcgi/newsid/=999999/.9/+/_/_/_/_/union/_/_/all/+/_/_/_/_/index3.php]
[203.105.228.168/comments/ovcgi/ovcgi/suse/hp/device/conto.php]
[203.105.228.168/comments/item_id/wp-content/plugins/barclaycart/uploadify/uploadify.php]
[203.105.228.168/comments/ovcgi/ovcgi/components/com_simpleboard/comments/servlet/machttp.log]
[203.105.228.168/login/ovcgi/.br/wwwroot/dettaglionews.php]
[203.105.228.168/login/install/band_info.php/mod_.php]
[203.105.228.168/login/item_id=_ login.jsp.bak_ or 1=999999.9+/__/uNiOn/__/aLl+/__/style.css]
[203.105.228.168/login/item_id=_ login.jsp.bak_ or 1=999999.9+/__/uNiOn/__/aLl+/__/maine753.html]
[203.105.228.168/login/typo3/log/comments/ovcgi/ovcgi/newsid/=999999/.9//_/_/_/_/union/_/_/all//_/_/_/_/info.sh]
[203.105.228.168/comments/ovcgi/ovcgi/suse/cgi-bin/log/_.php]
[203.105.228.168/comments/ovcgi/components/com_forum/blogentry.php]
[203.105.228.168/login/www.google.com/amp/s/hoanluu.com/thuoc-chua-yeu-sinh-ly-nu.html/amp/includes/layout.php]
[203.105.228.168/login/webmail/Activex/rubrika.php]
[203.105.228.168/login/webmail/application.ini]
[203.105.228.168/login/wps/portal/newsid=999999.9+/__/__/uNiOn/__/AlL+/__/__/sElEcT+0x393631353738343330312e39,0x393631353738343330322e39,0x393631353738343330332e39]
[203.105.228.168/comments/8003/8003/template.php]
[203.105.228.168/login/textpattern/log/.br/comments/ovcgi/ovcgi/newsid/=999999/.9/+/_/_/_/_/union/_/_/all/+/_/_/_/_/html2wml.cgi]
[203.105.228.168/login/partners/bycategory.asp]
[203.105.228.168/eblog/comments/docushare/dsweb/webmail/include/components/com_forum/Citrix/MetaFrame/default/cgi-bin/style.css]
[203.105.228.168/login/enc/m2f/gs/head.php]
[203.105.228.168/linkcode/comments/ovcgi/ovcgi/newsid/=999999/.9/+/_/_/_/_/union/_/_/all/+/_/_/_/_/loadpage.cgi]
[203.105.228.168/comments/vsadmin/1220/sub` WHERE 1977=1977 AND ELT(4847=7905,7905)-- tfdo.php]
[203.105.228.168/wp-content/plugins/disqus-comment-system/comments/objects/index2.php]
[203.105.228.168/login/webmail/wwwroot/theme/header.html]
[203.105.228.168/comments/gs/axis-cgi/bb_usage_stats/comments/ovcgi/ovcgi/newsid=999999.9+/__/__/union/__/all+/__/__/uploader.exe]
[203.105.228.168/login/include/m2f/path.php]
[203.105.228.168/comments/webmail/2082/2082/page.php]
[203.105.228.168/comments/login/search/channel_id=-7063)) AS pJfr WHERE 7753=7753 OR (8144=8144)_2475-- RuZZ]
[203.105.228.168/login/cgi-bin/staff_id=+or+1=]
[203.105.228.168/comments/webmail/info.php]
[203.105.228.168/login/newsid=+perform.ini+and+1=1+/__/__/uNiOn/__/AlL+/__/__/sElEcT+0x393631353738343330312e39]
[203.105.228.168/comments/suse/skins/advanced/comments/ovcgi/viewcart.asp]
[203.105.228.168/login/modules/coppermine/themes/coppercop/axis-cgi/principal.php]
[203.105.228.168/login/perl/2082/editor/2082/comments/wwwroot/printer/support/mailling/maillist/inc/include.php]
[203.105.228.168/login/exchange/exchweb/bin/auth/components/com_simpleboard/SQuery/lib/.home.php_]
[203.105.228.168/login/_2082/default.asp/lib/gore.php]
[203.105.228.168/upload/scp/style.css]
[203.105.228.168/comments/.br/press.php]
[203.105.228.168/comments/cgi-bin/productDisplay.asp]
[203.105.228.168/login/999999.9+uNiOn+aLl+sElEcT+null,null,null,0x4142433134355a5136324457514146504f4959434644,null,null,null,null,null,null,null,null,null,null,null]
[203.105.228.168/wp-content/plugins/revslider/comments/gs/textpattern/press.php]
[203.105.228.168/login/pageid=+or+1=+tekst.php+and+1=1+/__/__/uNiOn/__/AlL+/__/__/sElEcT+0x393631353738343330312e39,0x393631353738343330322e39,0x39363135373834333033]
[203.105.228.168/login/vsadmin/server-info]
[203.105.228.168/comments/admin/suse/mod_.php]
[203.105.228.168/login/pageid=+__+or+1=(/__/__/sElEcT+1+/__/__/fRoM(/__/__/sElEcT+count(_),/__/__/cOnCaT((/__/__/sElEcT+(/__/__/sElEcT+/__/__/cOnCaT(0x3f7e21,0x41393]
[203.105.228.168/login/servlet/install/auth.php]
[203.105.228.168/perl/comments/perl/view/components/com_simpleboard/include/log/perl/manage/cgi/hp/device/style.css]
[203.105.228.168/comments/vsadmin/administrator/components/com_peoplebook/index.php]
[203.105.228.168/login/lib/inc/newsid=999999.9/__/uNiOn/__/aLl/__/press.php]
[203.105.228.168/login/perl/view/users.mdb]
[203.105.228.168/login/docushare/dsweb/m2f/webalizer.html]
[203.105.228.168/perl/comments/perl/components/com_rsgallery/printer/www.google.com/amp/s/hoanluu.com/thuoc-lam-hong-vung-kin.html/amp/classes/adodb/style.3af.delaye]
[203.105.228.168/perl/comments/perl/components/com_rsgallery/printer/www.myeducationalshop.com/members/richardkeegan09/activity/502514/index.html]
[203.105.228.168/comments/8003/fcgi-bin/enc/print.php]
[203.105.228.168/comments/gs/fcgi-bin/cgi-bin/administrator/components/com_peoplebook/product_ranges_view.php]
[203.105.228.168/comments/typo3/2082/enc/noticia.php]
[203.105.228.168/login/phpSysInfo/includes/film.php]
[203.105.228.168/comments/include/aol/_do/default.php]
[203.105.228.168/login/log/lib/www-sql]
[203.105.228.168/login/pageid=_/-9184_) UNION ALL SELECT 7612,7612,7612,7612,7612,7612,7612,7612,7612,7612,7612,7612,7612,7612,7612,7612,7612,7612,7612,7612,7612,761]
[203.105.228.168/comments/ovcgi/ovcgi/components/com_simpleboard/includes/index.cgitrackback/index.html]
[203.105.228.168/comments/pls/admin_/servlet/enter.php]
[203.105.228.168/perl/comments/perl/components/com_rsgallery/printer/www.dbsweatherimpact.com/conditions-that-cbd-oil-is-assisting-to-treat-right-now/index.html]
[203.105.228.168/login/lib/ovcgi/inc/cmses/displayproducts.asp]
[203.105.228.168/comments/components/com_forum/login/m2f/gs/index.html]
[203.105.228.168/login/www.google.com/amp/s/hoanluu.com/thuoc-chua-yeu-sinh-ly-nu.html/amp/8003/AT-admin.cgi]
[203.105.228.168/login/newsid=/log/myaccount.asp]
[203.105.228.168/login/control/administrator/components/com_peoplebook/inc/cmses/_inc_.php]
[203.105.228.168/comments/cgi-bin/webmail/general.php]
[203.105.228.168/comments/phpSysInfo/wps/portal/includes/cursos.php]
[203.105.228.168/wp-content/plugins/ninja-forms/comments/login/pivot/modules/module_db.php/style.css]
[203.105.228.168/perl/comments/perl/components/com_rsgallery/printer/videos.mugistudio.com/errata/process-buying-arizona-real-estate/blogs/views/trackback.1fb.delaye]
[203.105.228.168/login/m2f/inc/test.cgi]
[203.105.228.168/login/api/hall.php]
[203.105.228.168/info_wyou/index.html]
[203.105.228.168/comments/_2082/.br/gallery.php]
[203.105.228.168/login/1220/ovcgi/inc/general.php]
[203.105.228.168/login/editor/users.mdb/ssi/_2082/comments/wwwroot/iisadmpwd/comments/comments/lib/inc/header.php/index.php]
[203.105.228.168/perl/comments/perl/axis-cgi/promotion.asp]
[203.105.228.168/login/enc/default.asp/lib/show.php]
[203.105.228.168/login/log/lib/tools/comments/phpsysinfo/includes/20000/general.php]
[203.105.228.168/css/eblog/comments/login/perl/general.php]
[203.105.228.168/login/adminbanners.js]
[203.105.228.168/includes/comments/tools/2082/2082/default.php]
[203.105.228.168/login/typo3/tools/data/login.css]
[203.105.228.168/html/default.asp/comments/ovcgi]
[203.105.228.168/login/ovcgi/.br/inc); SELECT PG_SLEEP(5)--.php]
[203.105.228.168/login.action/www.google.com/amp/s/hoanluu.com/thuoc-giai-doc-bo-gan.html/cgi-bin/print.php]
[203.105.228.168/comments/8003/aol_/_do/gs/htaccess_passwd_shadow_htusers]
[203.105.228.168/perl/comments/perl/components/com_rsgallery/printer/stopacne.website/classes/adodbt/home.php]
[203.105.228.168/login/axis-cgi/staff_id=_+principal.php+or+1=1+/__/__/uNiOn/__/AlL+/__/__/sElEcT+0x393631353738343330312e39]
[203.105.228.168/login/cgi-bin/2082/2082/channel_id)) AND 9736=9736#]
[203.105.228.168/comments/wwwroot/prodotti.php_cid&sa=U&ved=2ahUKEwi-k-SsqprqAhV3/vendor/phpunit/phpunit/src/Util/Log/log.php]
[203.105.228.168/comments/tools/noticias.php]
[203.105.228.168/login/newsid=/) AND 8368=2126 AND (6508=6508/blank.php]
[203.105.228.168/login/riaescorts.info/punam-escorts-service/index.html/confixx]
[203.105.228.168/login/newsid=+comments+sub_.php+and+1=1+/__/__/uNiOn/__/AlL+/__/__/print.php]
[203.105.228.168/members-only/comments]
[203.105.228.168/login/include/control/components/com_extcalendar/vsadmin/article.asp]
[203.105.228.168/comments/suse/comments/gallery.php]
[203.105.228.168/login/pageid=+and++points.php+or+1=1+/__/__/uNiOn/__/AlL+/__/__/sElEcT+0x393631353738343330312e39,0x393631353738343330322e39]
[203.105.228.168/perl/comments/perl/_2082/announce.php]
[203.105.228.168/comments/wps/portal/zebra.conf]
[203.105.228.168/login/m2f/www.wikidot.com/user_info/layout.php]
[203.105.228.168/eblog/comments/fcgi-bin/comments/ovcgi/ovcgi/newsid/=999999/.9/+/_/_/_/_/union/_/_/all/+/_/_/_/_/restore_config.cgi]
[203.105.228.168/comments/gs/textpattern/item.asp]
[203.105.228.168/comments/view/suse/login.pl]
[203.105.228.168/login/view/.br/style.css]
[203.105.228.168/comments/modules/coppermine/themes/coppercop/zentrack/ovcgi/style.css]
[203.105.228.168/login.action/editor/style.css]
[203.105.228.168/login/newsid=+news.php+and+1=(/__/__/sElEcT+1+/__/__/fRoM(/__/__/sElEcT+count(_),/__/__/cOnCaT((/__/__/sElEcT+(/__/__/sElEcT+/__/__/style.454.delaye]
[203.105.228.168/comments/view/components/com_performs/style.css]
[203.105.228.168/comments/apps/staff_id=999999.9+/__/__/uNiOn/__/AlL+/__/__/sElEcT+0x393631353738343330312e39,0x393631353738343330322e39,0x393631353738343330332e39.2]
[203.105.228.168/fkyy/comments/pls/admin_/base.php/comments/pls/admin_/base.php/comments/pls/admin_/base.php/maine753.php]
[203.105.228.168/login.action/skin/frontend/base/default/lib/prototype/windows/themes/magento/.svn&sa=U&ved=2ahUKEwj_jdzcxsHsAhUoxzgGHZpGAIU4/magm&sa=U&am.259.delaye]
[203.105.228.168/editor_plugin_src/style.css]
[203.105.228.168/comments/public/admin/assets/jquery-file-upload/server/style.css]
[203.105.228.168/login/inc/axis-cgi/add.asp]
[203.105.228.168/login/cgi-bin/staff_id=999999.9/__/style.css]
[203.105.228.168/eblog/comments/docushare/dsweb/news_det.php]
[203.105.228.168/login_dl/nagiosql/admin/info.php]
[203.105.228.168/comments/impex/includes/press.php]
[203.105.228.168/comments/ovcgi/ovcgi/components/com_simpleboard/includes/log/login/sources/Activex/YaBB.pl]
[203.105.228.168/login/newsid=/) AS SzTd WHERE 1954=1954 AND 3687=3759#/show.php]
[203.105.228.168/login/perl/gs/faq.asp]
[203.105.228.168/login/gs/admin/m2f/intranet) AND ELT(4907=4907,3102)-- TIQU]
[203.105.228.168/login/vsadmin/editor/999999.9+/__/uNiOn/__/aLl+/__/sElEcT+0x393133353134353632312e39,0x393133353134353632322e39,0x393133353134353632332e39--.26f.del]
[203.105.228.168/login/newsid=+storefronts.asp_title=+or+1=/__/__/news.php]
[203.105.228.168/login/newsid=+-1132)+AS+jjhR+/__/__/wHeRe+1315=1315+OR+1810=9187#+.content.asp.swp+/__/__/sElEcT+1+/__/__/fRoM(/__/__/sElEcT+count(_),/__.271.delaye]
[203.105.228.168/login/m2f/log/conto.php]
[203.105.228.168/login/connectcomputer/components/com_mtree/savant2/squery/lib/robpoll.cgi]
[203.105.228.168/comments/pls/admin_/components/com_simpleboard/inc/exchweb/bin/auth/help.php]
[203.105.228.168/login/utilities/servlet/cart_validate.asp]
[203.105.228.168/comments/includes/2082/index.php]
[203.105.228.168/login/itv_broadband/index.html]
[203.105.228.168/comments/perl/impex/default.asp/default.asp/pview.asp]
[203.105.228.168/login/log/-2088)/__/UNioN/__/All/__/SElect/__/nUll,nUll,nUll,nUll,nUll,nUll,nUll,nUll,nUll,nUll,nUll,nUll,nUll,nUll,nUll,nUll,nUll,nUll,nUll,nUll,nU]
[203.105.228.168/perl/comments/perl/include/8003/pls/admin_/tools/tools/components/com_mtree/Savant2/tools/vsadmin/cgi-bin/index2.php]
[203.105.228.168/login/perl/typo3/2082/2082/channel_id ORDER BY 1-- GQnD]
[203.105.228.168/comments/_2082/suse/newsid=+and+1=1+/__/__/union/__/all+/__/__/wamp_dir/setup/yesno.phtml]
[203.105.228.168/login.action/results.asp&sa=U&ved=2ahUKEwi08Lf1m_LqAhVC_GEKH/vendor/phpunit/phpunit/src/Util/PHP/vendor/phpunit/phpunit/src/Util/PHP/Php.php]
[203.105.228.168/login/install/List.asp]
[203.105.228.168/login/cars.php]
[203.105.228.168/login/exchange/category.asp]
[203.105.228.168/login/tools/editor/2082/control/comments]
[203.105.228.168/login/default.asp/perl/shtml.exe]
[203.105.228.168/login/pageid=%22+/sitio.php&sa=U&ved=2ahUKEwjFpJSk6rDrAhXyIDQIHU0OAUMQFjAYegQITBAB&usg=AOvVaw1kLISPB3-n_ZhEYssYDogp/downloader/index.php]
[203.105.228.168/login/vsadmin/login/lib/general.php]
[203.105.228.168/login/fcgi-bin/components/com_rsgallery/modules/coppermine/themes/coppercop/2082/2082/editor/2082/comments/wwwroot/printer/nota.php]
[203.105.228.168/perl/comments/perl/components/com_rsgallery/printer/suaenfagrownapdo.tumblr.com/10-thuoc-bo-than-trang-duong-tang-cuong-sinh-lu/blogs//st.28d.delaye]
[203.105.228.168/login/editor/users.mdb/ssi/_2082/comments/phpSysInfo/includes/default.asp/login/servlet/maine753.html]
[203.105.228.168/comments/8003/_2082/editorial.php]
[203.105.228.168/login/servlet/999999.9+/__/uNiOn/__/aLl+/__/sElEcT+null,null,0x4142433134355a5136324457514146504f4959434644--]
[203.105.228.168/perl/comments/perl/components/com_rsgallery/printer/www.google.com/amp/s/hoanluu.com/thuoc-giai-doc-bo-gan.html/amp/blogs/viewsto/general.295.delaye]
[203.105.228.168/login/cgi-bin/fcgi-bin/-4523 UNION ALL SELECT 4102,4102,4102,4102,4102,4102,4102,4102,4102,4102,4102,4102,4102,4102,4102,4102,4102,4102,4102,4102,41]
[203.105.228.168/wp-content/plugins/easy-instagram/comments/perl/8003/control/index1.php]
[203.105.228.168/Admin_model]
[203.105.228.168/login/suse/modules/AllMyGuests/components/com_performs/index2.php]
[203.105.228.168/beetle200510/style.css]
[203.105.228.168/login/perl/activex/admin/show.php]
[203.105.228.168/publisher/comments_form.asp/administrator/components/com_cropimage/view.php]
[203.105.228.168/comments/axis-cgi/vendor/phpunit/phpunit/src/Util/PHP/vendor/phpunit/phpunit/src/Util/Log/pilat.php]
[203.105.228.168/comments/vsadmin/webmail/base.php]
[203.105.228.168/gl_productadd]
[203.105.228.168/login/servlet/pageid=+and++shopping_basket.asp+and+1=(/__/__/sElEcT+1+/__/__/fRoM(/__/__/sElEcT+count(_),/__/__/cOnCaT((/__/__/sElE/style.45a.delaye]
[203.105.228.168/comments/inc/Activex/Activex/components/com_mtree/Savant2/admin/admin/components/com_galleria/faq.asp]
[203.105.228.168/comments/html/editor/testcgi]
[203.105.228.168/login/.r{}_vti_cnf/_2082/fotos.php]
[203.105.228.168/login/log/.br/noticias.php]
[203.105.228.168/login/fcgi-bin/SQuery/lib/_.mdb]
[203.105.228.168/login/1220/administrator/components/com_cropimage/mod_.php]
[203.105.228.168/perl/comments/perl/components/com_cpg/include/_2082/fcgi-bin/includes/info.php]
[203.105.228.168/perl/comments/perl/axis-cgi/preview.php]
[203.105.228.168/comments/admin/newscat.php]
[203.105.228.168/login/.br/log/comments/ovcgi/ovcgi/newsid/=999999/.9/+/_/_/_/_/union/_/_/all/+/_/_/_/_/cart.pl]
[203.105.228.168/login/webdav/gochat]
[203.105.228.168/login/control/log/index2.php]
[203.105.228.168/login/editor/staff_id= etc index1.php and 1=/__/__/cOnVeRt(int,(char(126) (char(65) char(57) char(54) char(49) char(53) char(67) char(55) char(56) c]
[203.105.228.168/login/.br/info.inc.php]
[203.105.228.168/login/tools/exchange/faq.asp]
[203.105.228.168/comments/ovcgi/ovcgi/components/com_simpleboard/includes/coppercop/cgi-bin/html/html/item_id))) AND 6492=6492 AND (((3466=3466]
[203.105.228.168/perl/comments/perl/components/com_rsgallery/printer/anapa-alrosa.com.ru/modules.php_name=Your_Account&op=userinfo&username=MonroeMacC]
[203.105.228.168/-7916) UNION ALL SELECT NULL,CONCAT(0x716b766b71,0x4d564341594c737175794e5a76716350536a55664447746d49736e586e626d4d5171507165466e6a,0x7162716271)--]
[203.105.228.168/comments/impex/index.7z]
[203.105.228.168/comments/enc/classes/view.php]
[203.105.228.168/login.action/impex/scarbook.php]
[203.105.228.168/login/exchange/html/999999.9+uNiOn+aLl+sElEcT+0x393133353134353632312e39,0x393133353134353632322e39,0x393133353134353632332e39,0x3931333531343536323]
[203.105.228.168/login/m2f/perl/components/com_extcalendar/info.php]
[203.105.228.168/login/pageid=+and+/)/__/UNION/__/ALL/__/SELECT/__/NULL,CONCAT(0x71626b6271,0x6b4358794f6b6d4a7750,0x717a766b71)--/__/-.php]
[203.105.228.168/perl/comments/perl/components/com_rsgallery/printer/medium.com/@arvytfjpobmem/moodanambike-essay-in-kannada-9c5f60e7b027/cla/editfunc.inc.2cb.delaye]
[203.105.228.168/eblog/comments/999999.9)+/__/uNiOn/__/aLl+/__/comments/phpSysInfo/8003/style.css]
[203.105.228.168/login/gs/video.php&sa=U&ved=2ahUKEwiq2O2R-8jqAhXFx4UKHfv/vendor/phpunit/phpunit/src/Util/PHP/sitemapa/.env]
[203.105.228.168/login/view/gs/comments/ovcgi/ovcgi/newsid/=999999/.9/+/_/_/_/_/union/_/_/all/+/_/_/_/_/htsearch]
[203.105.228.168/comments/components/com_forum/squirrelcart/comments/Activex/webaccess.htm]
[203.105.228.168/perl/comments/perl/components/com_rsgallery/administrator/components/com_comprofiler/components/com_galleria/residence.php]
[203.105.228.168/login/_2082/exchange/bycategory.asp]
[203.105.228.168/eblog/comments/.br/mod_.php]
[203.105.228.168/wp-content/plugins/ninja-forms/comments/1220/impex/impex/components/com_galleria/index1.php/wp-login.php]
[203.105.228.168/login/search/item_id=_]
[203.105.228.168/comments/install/Settings.php]
[203.105.228.168/login/lib/_2082/search/nota.php]
[203.105.228.168/comments/8003/cgi-bin/include/interna/tiny_mce/plugins/ibrowser/index1.php]
[203.105.228.168/comments/8003/wamp_dir/setup/typo3/SQuery/lib/server.cfg]
[203.105.228.168/login/tools/axis-cgi/channel_id=+or+1=/-2501 OR ELT(7629=8927,8927)/style.css]
[203.105.228.168/perl/comments/perl/components/com_rsgallery/printer/i3mediasolutions.com/blog/2016/01/style.css]
[203.105.228.168/eblog/comments/docushare/dsweb/webmail/include/modules/AllMyGuests/default.asp/include.php]
[203.105.228.168/cgi-dos/search/comments/channel_id=+or+1=999999.9+/__/uNiOn/__/aLl+/__/sElEcT+0x393133353134353632312e39,0x393133353134353632322e39,0x39313335313435]
[203.105.228.168/comments/ovcgi/ovcgi/suse/components/com_rsgallery/press.php]
[203.105.228.168/login/photo/p/api/maine753.php]
[203.105.228.168/login/photo/p/api/filef7cc.php]
[203.105.228.168/login/gs/exchange/channel_id=999999.9+/__/__/uNiOn/__/AlL+/__/__/style.css]
[203.105.228.168/comments/log/perl/style.css]
[203.105.228.168/comments/inc/style.css]
[203.105.228.168/comments/textpattern/default.asp/item_id=999999.9+/__/uNiOn/__/aLl+/__/style.css]
[203.105.228.168/perl/comments/perl/includes/administrator/components/com_comprofiler/item_id=999999.9+/__/__/uNiOn/__/AlL+/__/__/maine753.php]
[203.105.228.168/perl/comments/perl/includes/administrator/components/com_comprofiler/item_id=999999.9+/__/__/uNiOn/__/AlL+/__/__/filef7cc.php]
[203.105.228.168/login/ovcgi/modules/vwar/admin/jee/examples/style.css]
[203.105.228.168/perl/comments/perl/components/com_rsgallery/printer/www.google.com/amp/s/hoanluu.com/thuoc-giai-doc-bo-gan.html/amp/classes/adodbt//style.460.delaye]
[203.105.228.168/perl/comments/perl/fcgi-bin/style.css]
[203.105.228.168/login/newsid=+file.php+or+1=1+/__/__/uNiOn/__/AlL+/__/__/webalizer]
[203.105.228.168/perl/comments/webalizer]
[203.105.228.168/comments/suse/default.asp/style.css]
[203.105.228.168/comments/suse/default.asp/webalizer]
[203.105.228.168/comments/vsadmin/www.google.com/amp/s/hoanluu.com/thuoc-giam-can.html/style.css]
[203.105.228.168/login/8003/mwchat/libs/maine753.php]
[203.105.228.168/login/8003/mwchat/libs/filef7cc.php]
[203.105.228.168/login/default.asp/servlet/perl/comments/perl/components/com_rsgallery/view/maine753.php]
[203.105.228.168/login/default.asp/servlet/perl/comments/perl/components/com_rsgallery/view/filef7cc.php]
[203.105.228.168/comments/install/cgi-bin/style.css]
[203.105.228.168/login/sources/view/webalizer]
[203.105.228.168/perl/comments/perl/components/com_rsgallery/printer/111.909.li/user-259.html/classes/adodbt/login/view/style.css]
[203.105.228.168/login/fcgi-bin/aglimpse))/__/anD/__/(seLect/__/2_(If((seLect/__/_/__/From/__/(seLect/__/cOncAT(0x716a6a7a71,(seLect/__/(ELt(153/webalizer.31c.delaye]
[203.105.228.168/comments/aol_/_do/style.css]
[203.105.228.168/login/CGI/eventi.php&sa=U&ved=2ahUKEwiExLCsqprqAhXlHrkGHY/vendor/phpunit/phpunit/src/Util/PHP/skin/frontend/default/hiremagento/ima/style.448.delaye]
[203.105.228.168/comments/Activex/-2644/__/oR/__/3970/__/BeTweEN/__/9804/__/aNd/__/webalizer]
[203.105.228.168/webalizer]
[203.105.228.168/comments/ovcgi/hp/device/administrator/components/com_comprofiler/impex/webalizer]
[203.105.228.168/comments/ovcgi/hp/device/view/view/servlet/style.css]
[203.105.228.168/comments/ovcgi/hp/device/view/view/servlet/webalizer]
[203.105.228.168/login/editor/_2082/staff_id=+or+1=1+/__/__/uNiOn/__/AlL+/__/__/webalizer]
[203.105.228.168/login/editor/_2082/webalizer]
[203.105.228.168/Loginout/ConnectComputer/style.css]
[203.105.228.168/Loginout/ConnectComputer/webalizer]
[203.105.228.168/comments/html/pageid=+and+1=(/__/__/sElEcT+1+/__/__/fRoM(/__/__/sElEcT+count(_),/__/__/cOnCaT((/__/__/sElEcT+(/__/__/sElEcT+/__//main.338e753.delaye]
[203.105.228.168/comments/html/pageid=+and+1=(/__/__/sElEcT+1+/__/__/fRoM(/__/__/sElEcT+count(_),/__/__/cOnCaT((/__/__/sElEcT+(/__/__/sElEcT+/__//file.339f7cc.delaye]
[203.105.228.168/comments/8003/SQuery/lib/administrator/components/com_remository/style.css]
[203.105.228.168/comments/8003/SQuery/lib/administrator/components/com_remository/webalizer]
[203.105.228.168/login/m2f/maine753.php]
[203.105.228.168/comments/gs/includes/wps/portal/servlet/maine753.php]
[203.105.228.168/login/editor/webalizer]
[203.105.228.168/login/pageid=_/2082/style.css]
[203.105.228.168/login/pageid=_/2082/webalizer]
[203.105.228.168/comments/admin/view/style.css]
[203.105.228.168/login/default.asp/webalizer]
[203.105.228.168/comments/fcgi-bin/newsid=/etc/style.css]
[203.105.228.168/comments/ovcgi/ovcgi/suse/cgi-bin/log/phpSysInfo/gs/webalizer]
[203.105.228.168/login/completetutorsolution.com/__media__/js/netsoltrademark.php_d=parkundpedal.com/__media__/js/style.css]
[203.105.228.168/login/perl/administrator/components/com_a6mambocredits/style.css]
[203.105.228.168/login/perl/administrator/components/com_a6mambocredits/webalizer]
[203.105.228.168/comments/ovcgi/ovcgi/suse/bb_usage_stats/include/webalizer]
[203.105.228.168/comments/gs/exchange/style.css]
[203.105.228.168/comments/gs/exchange/webalizer]
[203.105.228.168/comments/ovcgi/components/com_mtree/savant2/webalizer]
[203.105.228.168/login/.r{}_vti_cnf/zentrack/style.css]
[203.105.228.168/login/view/8003/8003/style.css]
[203.105.228.168/perl/comments/perl/phpMyAdmin__/tools/administrator/components/com_mgm/maine753.php]
[203.105.228.168/perl/comments/perl/phpMyAdmin__/tools/administrator/components/com_mgm/filef7cc.php]
[203.105.228.168/login/Activex/gs/maine753.php]
[203.105.228.168/login.action/www.google.com/amp/s/hoanluu.com/thuoc-diet-ky-sinh-trung.html/style.css]
[203.105.228.168/login.action/www.google.com/amp/s/hoanluu.com/thuoc-diet-ky-sinh-trung.html/webalizer]
[203.105.228.168/comments/ovcgi/phpSysInfo/default.asp/style.css]
[203.105.228.168/comments/ovcgi/phpSysInfo/default.asp/webalizer]
[203.105.228.168/login/printer/axis-cgi/ovcgi/style.css]
[203.105.228.168/perl/comments/perl/components/com_rsgallery/printer/houstonembroideryservice.greatwebsitebuilder.com/blog/style.css]
[203.105.228.168/wp-content/plugins/exploit-scanner/eblog/comments/perl/comments/perl/components/com_rsgallery/printer/view/fcgi-bin/exchweb/bin/aut/style.468.delaye]
[203.105.228.168/wp-content/plugins/exploit-scanner/eblog/comments/perl/comments/perl/components/com_rsgallery/printer/view/fcgi-bin/exchweb/bin//main.469e753.delaye]
[203.105.228.168/guoling/style.css]
[203.105.228.168/guoling/maine753.html]
[203.105.228.168/guoling/filef7cc.html]
[203.105.228.168/comments/ovcgi/ovcgi/components/com_simpleboard/includes/coppercop/cgi-bin/comments/webalizer]
[203.105.228.168/comments/perl/login/lib/cgi-bin/cgi-bin/style.css]
[203.105.228.168/baggy/style.css]
[203.105.228.168/carservices/webalizer]
[203.105.228.168/login/gs/cgi-bin/maine753.php]
[203.105.228.168/login/2082/ovcgi/webalizer]
[203.105.228.168/login/ovcgi/cgi-bin/administrator/components/com_cropimage/maine753.php]
[203.105.228.168/login/ovcgi/cgi-bin/administrator/components/com_cropimage/filef7cc.php]
[203.105.228.168/lkl/style.css]
[203.105.228.168/comments/8003/aol_/_do/support/mailling/maillist/inc/_/cricket/style.css]
[203.105.228.168/login/vsadmin/editor/install/style.css]
[203.105.228.168/login/1220/inc/cmses/style.css]
[203.105.228.168/login/pls/admin_/lib/maine753.php]
[203.105.228.168/login/pageid=+or+1=+tekst.php+and+1=1+/__/__/uNiOn/__/AlL+/__/__/style.css]
[203.105.228.168/login/pageid=+__+or+1=(/__/__/sElEcT+1+/__/__/fRoM(/__/__/sElEcT+count(_),/__/__/cOnCaT((/__/__/sElEcT+(/__/__/sElEcT+/__/__/uNhEx(/style.470.delaye]
[203.105.228.168/comments/jee/examples/editor/maine753.php]
[203.105.228.168/comments/jee/examples/editor/filef7cc.php]
[203.105.228.168/eblog/comments/docushare/dsweb/webmail/include/textpattern/modules/My_eGallery/bb_usage_stats/include/webalizer]
[203.105.228.168/new/comments/1220/_news/standard.php/maine753.php]
[203.105.228.168/new/comments/1220/_news/standard.php/filef7cc.php]
[203.105.228.168/perl/comments/perl/components/com_rsgallery/printer/www.google.com/amp/s/hoanluu.com/thuoc-lam-hong-vung-kin.html/amp/classes/ad/main.3b0e753.delaye]
[203.105.228.168/login/editor/maine753.php]
[203.105.228.168/comments/vsadmin/item_id=999999.9+/__/uNiOn/__/aLl+/__/style.css]
[203.105.228.168/login/log/lib/tools/style.css]
[203.105.228.168/comments/control/maine753.php]
[203.105.228.168/comments/1220/style.css]
[203.105.228.168/comments/search/2082/2082/2082/2082/2082/comments/wwwroot/printer/2082/webalizer]
[203.105.228.168/comments/m2f/webmail/style.css]
[203.105.228.168/comments/inc/inc/webalizer]
[203.105.228.168/login/.br/log/wwwroot/printer/style.css]
[203.105.228.168/login/tools/gs/Pageid=999999.9/__/__/uNiOn/__/AlL/__/__/webalizer]
[203.105.228.168/login/item_id=_ login.jsp.bak_ or 1=999999.9+/__/uNiOn/__/aLl+/__/sElEcT+null,null,null+/__/style.css]
[203.105.228.168/login/item_id=_ login.jsp.bak_ or 1=999999.9+/__/uNiOn/__/aLl+/__/sElEcT+null,null,null+/__/maine753.php]
[203.105.228.168/login/item_id=_ login.jsp.bak_ or 1=999999.9+/__/uNiOn/__/aLl+/__/sElEcT+null,null,null+/__/filef7cc.php]
[203.105.228.168/comments/8003/pls/admin_/.br/maine753.php]
[203.105.228.168/comments/8003/pls/admin_/.br/filef7cc.php]
[203.105.228.168/login/m2f/perl/SQuery/lib/webalizer]
[203.105.228.168/login/search/components/com_mtree/Savant2/components/com_simpleboard/style.css]
[203.105.228.168/login/printer/log/style.css]
[203.105.228.168/login/printer/log/maine753.php]
[203.105.228.168/login/_2082/exchange/webalizer]
[203.105.228.168/comments/exchange/default.asp/style.css]
[203.105.228.168/comments/exchange/default.asp/webalizer]
[203.105.228.168/login/wwwroot/editor/style.css]
[203.105.228.168/login/fun_games/style.css]
[203.105.228.168/login/fun_games/webalizer]
[203.105.228.168/comments/8003/login/axis-cgi/style.css]
[203.105.228.168/comments/8003/login/axis-cgi/maine753.php]
[203.105.228.168/comments/8003/login/axis-cgi/filef7cc.php]
[203.105.228.168/comments/gs/administrator/components/com_webring/cgi-bin/axis-cgi/components/com_simpleboard/style.css]
[203.105.228.168/comments/gs/administrator/components/com_webring/cgi-bin/axis-cgi/components/com_simpleboard/filef7cc.php]
[203.105.228.168/CommentShow/style.css]
[203.105.228.168/comments/axis-cgi/default.asp/components/com_galleria/classes/adodbt/inc/cmses/maine753.php]
[203.105.228.168/login/m2f/editor/fcgi-bin/fcgi-bin/style.css]
[203.105.228.168/login/m2f/editor/fcgi-bin/fcgi-bin/maine753.php]
[203.105.228.168/login/m2f/editor/fcgi-bin/fcgi-bin/filef7cc.php]
[203.105.228.168/login.action/skin/frontend/base/default/lib/prototype/windows/themes/magento/.svn&sa=U&ved=2ahUKEwj_jdzcxsHsAhUoxzgGHZpGAIU4/magmi//style.472.delaye]
[203.105.228.168/login/enc/m2f/perl/style.css]
[203.105.228.168/forum/cgi-bin/comments/style.css]
[203.105.228.168/login/log/lib/fcgi-bin/tools/style.css]
[203.105.228.168/login/.r{}_vti_cnf/maine753.php]
[203.105.228.168/login/lib/components/com_simpleboard/default.asp/inc/webalizer]
[203.105.228.168/login/printer/maine753.php]
[203.105.228.168/login/printer/filef7cc.php]
[203.105.228.168/iisadmpwd/comments/sQuery/lib/style.css]
[203.105.228.168/login/13439/style.css]
[203.105.228.168/login/item_id=_ login.jsp.bak_ or 1= or 1=_ or 1= or 1= or 1=/__/__/style.css]
[203.105.228.168/login/itv_broadband/style.css]
[203.105.228.168/login/log/-2088)/__/UNioN/__/All/__/SElect/__/style.css]
[203.105.228.168/login/ovcgi/.br/channel_id=+and+1=/-1828 OR 2830=2830-- lGwd/maine753.php]
[203.105.228.168/login/ovcgi/.br/channel_id=+and+1=/-1828 OR 2830=2830-- lGwd/filef7cc.php]
[203.105.228.168/login/log/pages/webalizer]
[203.105.228.168/comments/suse/inc/header.php/style.css]
[203.105.228.168/publisher/comments_form.asp/utilities/maine753.php]
[203.105.228.168/publisher/comments_form.asp/utilities/filef7cc.php]
[203.105.228.168/comments/servlet/webalizer]
[203.105.228.168/perl/comments/perl/components/com_rsgallery/printer/medium.com/@arvytfjpobmem/moodanambike-essay-in-kannada-9c5f60e7b027/classes/ad/style.475.delaye]
[203.105.228.168/perl/comments/perl/components/com_rsgallery/printer/www.google.com/amp/s/hoanluu.com/thuoc-giai-doc-bo-gan.html/amp/blogs/viewstory/style.433.delaye]
[203.105.228.168/comments/inc/Activex/Activex/jee/examples/style.css]
[203.105.228.168/comments/inc/Activex/Activex/jee/examples/maine753.php]
[203.105.228.168/comments/inc/Activex/Activex/jee/examples/filef7cc.php]
[203.105.228.168/login/components/com_galleria/style.css]
[203.105.228.168/login/components/com_galleria/webalizer]
[203.105.228.168/login/inc/gs/pageid=999999.9+/__/__/uNiOn/__/AlL+/__/__/webalizer]
[203.105.228.168/comments/axis-cgi/maine753.php]
[203.105.228.168/perl/comments/perl/fcgi-bin/webalizer]
[203.105.228.168/login/CGI/eventi.php&sa=U&ved=2ahUKEwiExLCsqprqAhXlHrkGHY/vendor/phpunit/phpunit/src/Util/PHP/skin/frontend/default/hiremagento//main.449e753.delaye]
[203.105.228.168/login/CGI/eventi.php&sa=U&ved=2ahUKEwiExLCsqprqAhXlHrkGHY/vendor/phpunit/phpunit/src/Util/PHP/skin/frontend/default/hiremagento/webalizer.461.delaye]
[203.105.228.168/comments/gs/administrator/components/com_webring/administrator/components/com_linkdirectory/include/includes/components/com_galleri/style.462.delaye]
[203.105.228.168/login/printer/axis-cgi/ovcgi/filef7cc.php]
[203.105.228.168/login/item_id=_ login.jsp.bak_ or 1=999999.9+/__/uNiOn/__/aLl+/__/filef7cc.php]
[203.105.228.168/wordpress/comments/vsadmin/components/com_forum/webalizer]
[203.105.228.168/comments/gs/administrator/components/com_webring/cgi-bin/axis-cgi/components/com_simpleboard/webalizer]
[203.105.228.168/comments/login/comments/ovcgi/ovcgi/newsid/=999999/.9/+/_/_/_/_/union/_/_/all/+/_/_/_/_/maine753.php]
[203.105.228.168/comments/login/comments/ovcgi/ovcgi/newsid/=999999/.9/+/_/_/_/_/union/_/_/all/+/_/_/_/_/filef7cc.php]
[203.105.228.168/login/editor/users.mdb/ssi/_2082/comments/phpSysInfo/includes/default.asp/login/servlet/filef7cc.php]
[203.105.228.168/login/servlet/pageid=+and++shopping_basket.asp+and+1=(/__/__/sElEcT+1+/__/__/fRoM(/__/__/sElEcT+count(_),/__/__/cOnCaT((/__/__//webalizer.45b.delaye]
[203.105.228.168/perl/comments/perl/components/com_rsgallery/printer/i3mediasolutions.com/blog/2016/01/webalizer]
[203.105.228.168/login/inc/axis-cgi/jpg/__/wHERe/__/9468=9468/__/aND/__/8593/__/beTweeN/__/(selECt/__/aND/__/(selECtCOUNT(_)/__/fRom/__/GeneraTE_sEr/style.45e.delaye]
[203.105.228.168/login/webmail/wwwroot/app/style.css]
[203.105.228.168/login/209619/style.css]
[203.105.228.168/perl/comments/perl/components/com_rsgallery/printer/houstonembroideryservice.greatwebsitebuilder.com/blog/webalizer]
[203.105.228.168/wp-content/plugins/exploit-scanner/eblog/comments/perl/comments/perl/components/com_rsgallery/printer/view/fcgi-bin/exchweb/bin//file.46af7cc.delaye]
[203.105.228.168/comments/apps/staff_id=999999.9+/__/__/uNiOn/__/AlL+/__/__/style.css]
[203.105.228.168/perl/comments/perl/components/com_rsgallery/printer/medium.com/@arvytfjpobmem/moodanambike-essay-in-kannada-9c5f60e7b027/classes/main.476e753.delaye]
[203.105.228.168/perl/comments/perl/components/com_rsgallery/printer/medium.com/@arvytfjpobmem/moodanambike-essay-in-kannada-9c5f60e7b027/classes/file.477f7cc.delaye]
[203.105.228.168/guoling/webalizer]
